{
    "-profile test_ionannotator": {
        "content": [
            14,
            {
                "OPENMSTHIRDPARTY_COMETADAPTER": {
                    "CometAdapter": "3.4.0",
                    "Comet": "2024.01 rev. 1"
                },
                "OPENMS_DECOYDATABASE": {
                    "openms": "3.4.0"
                },
                "OPENMS_IDMASSACCURACY": {
                    "OpenMS": "3.4.0"
                },
                "OPENMS_IDMERGER": {
                    "openms": "3.4.0"
                },
                "OPENMS_PEPTIDEINDEXER": {
                    "openms": "3.4.0"
                },
                "PYOPENMS_CHROMATOGRAMEXTRACTOR": {
                    "pyopenms": "3.4.1"
                },
                "Workflow": {
                    "nf-core/mhcquant": "v3.1.0"
                }
            },
            [
                "intermediate_results",
                "intermediate_results/comet",
                "intermediate_results/comet/HepG2_rep1_small_pin.tsv",
                "intermediate_results/comet/HepG2_rep2_small_pin.tsv",
                "intermediate_results/comet/HepG2_rep3_small_pin.tsv",
                "pipeline_info",
                "pipeline_info/nf_core_mhcquant_software_mqc_versions.yml"
            ],
            [
                
            ],
            [
                
            ]
        ],
        "meta": {
            "nf-test": "0.9.3",
            "nextflow": "25.04.8"
        },
        "timestamp": "2025-10-22T16:29:50.945516369"
    }
}