{
    "-profile test_ionannotator": {
        "content": [
            24,
            {
                "MS2RESCORE": {
                    "MS2Rescore": "4.0.2"
                },
                "OPENMSTHIRDPARTY_COMETADAPTER": {
                    "Comet": "2024.01 rev. 1",
                    "CometAdapter": "3.5.0"
                },
                "OPENMS_DECOYDATABASE": {
                    "openms": "3.5.0"
                },
                "OPENMS_IDFILTER_PSMS": {
                    "openms": "3.5.0"
                },
                "OPENMS_IDFILTER_Q_VALUE": {
                    "openms": "3.5.0"
                },
                "OPENMS_IDMASSACCURACY": {
                    "openms": "3.4.1"
                },
                "OPENMS_IDMERGER": {
                    "openms": "3.5.0"
                },
                "OPENMS_PEPTIDEINDEXER": {
                    "openms": "3.5.0"
                },
                "OPENMS_PERCOLATORADAPTER": {
                    "PercolatorAdapter": "3.5.0-pre-exported-20251212",
                    "percolator": "3.07.1"
                },
                "OPENMS_PSMFEATUREEXTRACTOR": {
                    "openms": "3.5.0"
                },
                "OPENMS_TEXTEXPORTER": {
                    "openms": "3.5.0"
                },
                "OPENMS_TEXTEXPORTER_PSMS": {
                    "openms": "3.5.0"
                },
                "PYOPENMS_CHROMATOGRAMEXTRACTOR": {
                    "pyopenms": "3.4.1"
                },
                "PYOPENMS_IONANNOTATOR": {
                    "pyopenms": "3.4.1"
                },
                "SUMMARIZE_RESULTS": {
                    "pyopenms": "3.4.1"
                },
                "Workflow": {
                    "nf-core/mhcquant": "v3.2.0"
                }
            },
            [
                "HepG2_A.tsv",
                "intermediate_results",
                "intermediate_results/comet",
                "intermediate_results/comet/HepG2_rep1_small_pin.tsv",
                "intermediate_results/comet/HepG2_rep2_small_pin.tsv",
                "intermediate_results/comet/HepG2_rep3_small_pin.tsv",
                "intermediate_results/ion_annotations",
                "intermediate_results/ion_annotations/HepG2_A_all_peaks.tsv",
                "intermediate_results/ion_annotations/HepG2_A_matching_ions.tsv",
                "intermediate_results/rescoring",
                "intermediate_results/rescoring/HepG2_A_pout.idXML",
                "intermediate_results/rescoring/HepG2_A_pout_filtered.idXML",
                "multiqc",
                "multiqc/ms2rescore",
                "multiqc/ms2rescore/HepG2_A_ms2rescore.report.html",
                "multiqc/multiqc_data",
                "multiqc/multiqc_data/llms-full.txt",
                "multiqc/multiqc_data/multiqc.log",
                "multiqc/multiqc_data/multiqc.parquet",
                "multiqc/multiqc_data/multiqc_chromatogram.txt",
                "multiqc/multiqc_data/multiqc_citations.txt",
                "multiqc/multiqc_data/multiqc_data.json",
                "multiqc/multiqc_data/multiqc_deeplc_rt_calibration.txt",
                "multiqc/multiqc_data/multiqc_general_stats.txt",
                "multiqc/multiqc_data/multiqc_histogram_mz.txt",
                "multiqc/multiqc_data/multiqc_histogram_rt.txt",
                "multiqc/multiqc_data/multiqc_histogram_scores.txt",
                "multiqc/multiqc_data/multiqc_length_dist.txt",
                "multiqc/multiqc_data/multiqc_mass_error.txt",
                "multiqc/multiqc_data/multiqc_percolator_barplot.txt",
                "multiqc/multiqc_data/multiqc_scores_xcorr.txt",
                "multiqc/multiqc_data/multiqc_software_versions.txt",
                "multiqc/multiqc_data/multiqc_sources.txt",
                "multiqc/multiqc_data/percolator_plot.txt",
                "multiqc/multiqc_plots",
                "multiqc/multiqc_plots/pdf",
                "multiqc/multiqc_plots/pdf/chromatogram-cnt.pdf",
                "multiqc/multiqc_plots/pdf/chromatogram-log.pdf",
                "multiqc/multiqc_plots/pdf/deeplc_rt_calibration.pdf",
                "multiqc/multiqc_plots/pdf/general_stats.pdf",
                "multiqc/multiqc_plots/pdf/histogram_mz.pdf",
                "multiqc/multiqc_plots/pdf/histogram_rt.pdf",
                "multiqc/multiqc_plots/pdf/histogram_scores.pdf",
                "multiqc/multiqc_plots/pdf/length_dist.pdf",
                "multiqc/multiqc_plots/pdf/mass_error.pdf",
                "multiqc/multiqc_plots/pdf/percolator_plot-cnt.pdf",
                "multiqc/multiqc_plots/pdf/percolator_plot-pct.pdf",
                "multiqc/multiqc_plots/pdf/scores_xcorr.pdf",
                "multiqc/multiqc_plots/png",
                "multiqc/multiqc_plots/png/chromatogram-cnt.png",
                "multiqc/multiqc_plots/png/chromatogram-log.png",
                "multiqc/multiqc_plots/png/deeplc_rt_calibration.png",
                "multiqc/multiqc_plots/png/general_stats.png",
                "multiqc/multiqc_plots/png/histogram_mz.png",
                "multiqc/multiqc_plots/png/histogram_rt.png",
                "multiqc/multiqc_plots/png/histogram_scores.png",
                "multiqc/multiqc_plots/png/length_dist.png",
                "multiqc/multiqc_plots/png/mass_error.png",
                "multiqc/multiqc_plots/png/percolator_plot-cnt.png",
                "multiqc/multiqc_plots/png/percolator_plot-pct.png",
                "multiqc/multiqc_plots/png/scores_xcorr.png",
                "multiqc/multiqc_plots/svg",
                "multiqc/multiqc_plots/svg/chromatogram-cnt.svg",
                "multiqc/multiqc_plots/svg/chromatogram-log.svg",
                "multiqc/multiqc_plots/svg/deeplc_rt_calibration.svg",
                "multiqc/multiqc_plots/svg/general_stats.svg",
                "multiqc/multiqc_plots/svg/histogram_mz.svg",
                "multiqc/multiqc_plots/svg/histogram_rt.svg",
                "multiqc/multiqc_plots/svg/histogram_scores.svg",
                "multiqc/multiqc_plots/svg/length_dist.svg",
                "multiqc/multiqc_plots/svg/mass_error.svg",
                "multiqc/multiqc_plots/svg/percolator_plot-cnt.svg",
                "multiqc/multiqc_plots/svg/percolator_plot-pct.svg",
                "multiqc/multiqc_plots/svg/scores_xcorr.svg",
                "multiqc/multiqc_report.html",
                "pipeline_info",
                "pipeline_info/nf_core_mhcquant_software_mqc_versions.yml",
                "psms",
                "psms/HepG2_A_psms.tsv"
            ],
            [
                "HepG2_A_ms2rescore.report.html:md5,e8e8634218a786ffbfebb9d636c03780",
                "HepG2_A_psms.tsv:md5,259f2e79afca7a329c69b42321299154"
            ],
            [
                [
                    "HepG2_A.tsv",
                    [
                        "AAAAAAHRL",
                        "AAATVTKKV",
                        "AAHPNVQKV",
                        "AAM(Oxidation)SVAKRV",
                        "AANAQPHKL",
                        "AANDKLKKM",
                        "AANPDPKKL",
                        "AAPPPPAHA",
                        "AAPRPPPKPM(Oxidation)",
                        "AAQAHTREL",
                        "AAQSEAKVV",
                        "AARAEAREI",
                        "AASPVGKRL",
                        "AASSLKKQY",
                        "AATDHSNQL",
                        "AATPAKKTV",
                        "AATRWAKKI",
                        "AATSNLKKL",
                        "AATVTKKTY",
                        "AKDVKFGAD",
                        "ALKDKIEKA",
                        "ALKDSVQRA",
                        "ALKENGGARLA",
                        "ALKKALAAA",
                        "ALSDLHAHK",
                        "AM(Oxidation)AARPHSI",
                        "AM(Oxidation)AASPHAV",
                        "AM(Oxidation)ASHLTST",
                        "AM(Oxidation)HGHVEVV",
                        "AM(Oxidation)NARPHKV",
                        "AMNARPHKV",
                        "APAPRRLP",
                        "APPKAHEV",
                        "APRADAKAY",
                        "APRPPPKPM(Oxidation)",
                        "ATWSDPHKA",
                        "AVM(Oxidation)GNPKVKA",
                        "AVM(Oxidation)GNPKVKAH",
                        "AVVVKKIETRDG",
                        "DAAVHQRI",
                        "DAKKQIKQV",
                        "DAPAGRKV",
                        "DGKKKISTV",
                        "DGKTNPKI",
                        "DHVITNM(Oxidation)N",
                        "DNKKTRII",
                        "DPM(Oxidation)KARVV",
                        "DPPKTHVT",
                        "DPPRDSKGL",
                        "DSKKSQPKI",
                        "EAKTHEAQI",
                        "EDRDDNKVY",
                        "EYSKQM(Oxidation)QRF",
                        "FADPHSKRV",
                        "FPHSAHQKY",
                        "FPSRGKSSSY",
                        "GIAGPRGSP",
                        "GKVGAHAGEY",
                        "GKVGAHAGEYG",
                        "GLAKSIHHA",
                        "GMAKKVTKA",
                        "GNVAEGETKPD",
                        "GPNKKPRF",
                        "GPRVVERH",
                        "GRVVEPKR",
                        "GVM(Oxidation)VGM(Oxidation)GQKD",
                        "HAAENPGKY",
                        "HAANPNGRYY",
                        "HAASRIKTI",
                        "HAATYTKKV",
                        "HAFGGNKASY",
                        "HAGPTAHEL",
                        "HAHVDKVTY",
                        "HAIGKSQSF",
                        "HAKEKLTAL",
                        "HAM(Oxidation)EEVKKF",
                        "HAPELTKKV",
                        "HLKEDQTEY",
                        "HPAENGKSNF",
                        "HPESERISM(Oxidation)",
                        "HPNKVKVY",
                        "HPSQPQGTY",
                        "HPYQPDPKM(Oxidation)",
                        "HSRNEGVATY",
                        "HSSPASSNY",
                        "HVKDANGNSF",
                        "HVTAYENT",
                        "IASQTVKKV",
                        "IKTVETRD",
                        "ILDKKVEKV",
                        "IPKKHISQI",
                        "IPQKFHRSV",
                        "ISSEAHREV",
                        "IVGRPRHQ",
                        "IYTEHAHQV",
                        "KAAAFEKQV",
                        "KAAKPKVV",
                        "KAAQPKSL",
                        "KAASHIKSI",
                        "KAATVTKEL",
                        "KAISGVHTV",
                        "KAKPGTYKV",
                        "KALVKPKEV",
                        "KASEQAKVV",
                        "KASGTLREY",
                        "KAYGKAKSI",
                        "KAYSEAHEI",
                        "KGTGASGSF",
                        "KLAESVEKA",
                        "KLAPPPKKA",
                        "KLDNQVSKV",
                        "KLM(Oxidation)QQQQEV",
                        "KLQPGSVKKV",
                        "KLSPKAEEV",
                        "KM(Oxidation)DESKHEI",
                        "KM(Oxidation)LDHEYTT",
                        "KMDESKHEI",
                        "KMNESTRSV",
                        "KRDQEGLGY",
                        "KSKEFVQKV",
                        "KSQSTFDIH",
                        "KTKEGVREV",
                        "KTLGTDVVKS",
                        "KVAQPKEV",
                        "KVIDTQQKV",
                        "KVSNSGITRV",
                        "KVVNPTQK",
                        "KYKERGTVL",
                        "KYNRQSM(Oxidation)TL",
                        "KYQPKPKQI",
                        "KYTPPPHHI",
                        "LAKTGVHHY",
                        "LDKKVEKV",
                        "LLKSEKSSY",
                        "LPPKDGKVA",
                        "LPSENHKEM(Oxidation)",
                        "M(Oxidation)LSEHTSKL",
                        "M(Oxidation)PNKVRKI",
                        "M(Oxidation)PPEHVRKI",
                        "M(Oxidation)PQGGGQHY",
                        "M(Oxidation)PQKERESI",
                        "M(Oxidation)PRNLREY",
                        "MPKAEKNAV",
                        "MPNKVRKI",
                        "MPPEHVRKI",
                        "MPQKERESI",
                        "NAAEGRSF",
                        "NAHGEPRNY",
                        "NALAHKYH",
                        "NAM(Oxidation)KIRDV",
                        "NASARDNTI",
                        "NATAVVRHM(Oxidation)",
                        "NATNAVKRL",
                        "NGTHVVRHY",
                        "NIQKITKS",
                        "NLAEKPKTV",
                        "NLKVKGPVR",
                        "NLRPKKKV",
                        "NLRPKKKVK",
                        "NLSSLSKK",
                        "NLTEEEEKSKS",
                        "NNLSSLSKK",
                        "NPAAYENDK",
                        "NPFGGASHAKG",
                        "NPKESSSSL",
                        "NSHSTTSSF",
                        "NTKIGPRR",
                        "NVDYSKLKK",
                        "NVINGGSHA",
                        "NVKIVKVKKE",
                        "PKSKELVSSSS",
                        "PPNKKPKV",
                        "PVEKALRD",
                        "QAGPINREM(Oxidation)",
                        "QALKHLKQY",
                        "QAMDRAHRI",
                        "QGVM(Oxidation)VGM(Oxidation)GQK",
                        "QGVM(Oxidation)VGM(Oxidation)GQKD",
                        "QPAKADKESF",
                        "QPHKVTQY",
                        "QTHQPPAPNS",
                        "QVKPNSNQV",
                        "QYKKDGADF",
                        "RAASTIKEV",
                        "RADKKAPR",
                        "RAQEKVHEM",
                        "REDAM(Oxidation)AMVD",
                        "RFYARYSL",
                        "RLAEAHAKV",
                        "RLGPTGKEV",
                        "RLHEKIQEA",
                        "RLNNKSAKV",
                        "RLQSKTIKV",
                        "RMARTPQTV",
                        "RPKKPGQSF",
                        "RPPASSEQA",
                        "RPVPKGATY",
                        "RQVTGVTRV",
                        "RSNEHIREL",
                        "RSTENVNKL",
                        "RSTQYM(Oxidation)KEY",
                        "RVAGIHKKV",
                        "RYDDM(Oxidation)AAAM(Oxidation)",
                        "RYIDTHNRV",
                        "RYM(Oxidation)NHM(Oxidation)QSL",
                        "SAKLERSHY",
                        "SALRPSTS",
                        "SALSHVRKI",
                        "SAMSNPRAM(Oxidation)",
                        "SAQTTSHEL",
                        "SARAGETRF",
                        "SASEAAKKY",
                        "SASHVSKTV",
                        "SATGHPRKV",
                        "SATNALRSM(Oxidation)",
                        "SATSNKHLL",
                        "SAVDRQREY",
                        "SAYANAKKY",
                        "SEVAHRFK",
                        "SIVGRPRH",
                        "SKEYFSKQ",
                        "SLDKTSHSV",
                        "SLDTQPKKV",
                        "SLNKHVEAV",
                        "SM(Oxidation)LGSPHKV",
                        "SM(Oxidation)NTHLKAV",
                        "SM(Oxidation)PEQAHKV",
                        "SPM(Oxidation)EKIKQY",
                        "SPNKHNRLY",
                        "SPNYHEEKY",
                        "SQRFPKAE",
                        "SRPETGRPRPKG",
                        "SSRSYTSGPG",
                        "SVKNDHSAY",
                        "SVQVFGRKK",
                        "SYVGDEAQSKR",
                        "SYVGDEAQSKRG",
                        "TALAPSTM(Oxidation)K",
                        "TAPQTQHV",
                        "TARPGPRAV",
                        "TDKSFVEK",
                        "TDRETGKL",
                        "TEKLVTSK",
                        "TEKLVTSKG",
                        "TGYYGKGKP",
                        "THQPPAPNS",
                        "THYDPPRK",
                        "TIGEGQQHHLG",
                        "TKKVPQVS",
                        "TLVQTKGT",
                        "TNNLRPKKKVK",
                        "TRLSRTPGNR",
                        "TSGPGSRISSSS",
                        "TSVSRPGRG",
                        "TTPISEQKG",
                        "TTTHITKTV",
                        "TVIGPDGHKE",
                        "TVKDSRTVY",
                        "TVQNEANKY",
                        "VAPPKAHEV",
                        "VARAGQKGY",
                        "VASEGIKRY",
                        "VHLTPEEK",
                        "VITDKEKAE",
                        "VPKEGKVV",
                        "VQKTIAEN",
                        "VQNGKHFKF",
                        "VSKGTLVQTKGT",
                        "VTTSTRTY",
                        "VYAQKHQQL",
                        "VYGKTSHL",
                        "YADEKTKDV",
                        "YARLHPRAV",
                        "YGSTVSKRV",
                        "YLNKHIQKV",
                        "YPAKAKGTF",
                        "YTKKLNTQ",
                        "YTM(Oxidation)KKVHAL",
                        "YVGDEAQSKR"
                    ]
                ],
                [
                    "HepG2_A_psms.tsv",
                    [
                        "AAAAAAHRL",
                        "AAAAAAHRL",
                        "AAATVTKKV",
                        "AAATVTKKV",
                        "AAATVTKKV",
                        "AAHPNVQKV",
                        "AAHPNVQKV",
                        "AAHPNVQKV",
                        "AAM(Oxidation)SVAKRV",
                        "AAM(Oxidation)SVAKRV",
                        "AAM(Oxidation)SVAKRV",
                        "AAM(Oxidation)SVAKRV",
                        "AAM(Oxidation)SVAKRV",
                        "AAM(Oxidation)SVAKRV",
                        "AAM(Oxidation)SVAKRV",
                        "AANAQPHKL",
                        "AANDKLKKM",
                        "AANDKLKKM",
                        "AANDKLKKM",
                        "AANDKLKKM",
                        "AANDKLKKM",
                        "AANPDPKKL",
                        "AANPDPKKL",
                        "AANPDPKKL",
                        "AANPDPKKL",
                        "AANPDPKKL",
                        "AANPDPKKL",
                        "AAPPPPAHA",
                        "AAPPPPAHA",
                        "AAPPPPAHA",
                        "AAPPPPAHA",
                        "AAPPPPAHA",
                        "AAPRPPPKPM(Oxidation)",
                        "AAPRPPPKPM(Oxidation)",
                        "AAPRPPPKPM(Oxidation)",
                        "AAPRPPPKPM(Oxidation)",
                        "AAPRPPPKPM(Oxidation)",
                        "AAPRPPPKPM(Oxidation)",
                        "AAQAHTREL",
                        "AAQAHTREL",
                        "AAQAHTREL",
                        "AAQAHTREL",
                        "AAQAHTREL",
                        "AAQAHTREL",
                        "AAQAHTREL",
                        "AAQAHTREL",
                        "AAQAHTREL",
                        "AAQSEAKVV",
                        "AAQSEAKVV",
                        "AARAEAREI",
                        "AARAEAREI",
                        "AARAEAREI",
                        "AARAEAREI",
                        "AASPVGKRL",
                        "AASPVGKRL",
                        "AASPVGKRL",
                        "AASSLKKQY",
                        "AASSLKKQY",
                        "AASSLKKQY",
                        "AASSLKKQY",
                        "AATDHSNQL",
                        "AATDHSNQL",
                        "AATDHSNQL",
                        "AATPAKKTV",
                        "AATPAKKTV",
                        "AATPAKKTV",
                        "AATRWAKKI",
                        "AATRWAKKI",
                        "AATSNLKKL",
                        "AATSNLKKL",
                        "AATSNLKKL",
                        "AATSNLKKL",
                        "AATVTKKTY",
                        "AKDVKFGAD",
                        "AKDVKFGAD",
                        "AKDVKFGAD",
                        "ALKDKIEKA",
                        "ALKDKIEKA",
                        "ALKDKIEKA",
                        "ALKDKIEKA",
                        "ALKDKIEKA",
                        "ALKDKIEKA",
                        "ALKDKIEKA",
                        "ALKDKIEKA",
                        "ALKDKIEKA",
                        "ALKDKIEKA",
                        "ALKDSVQRA",
                        "ALKENGGARLA",
                        "ALKKALAAA",
                        "ALSDLHAHK",
                        "AM(Oxidation)AARPHSI",
                        "AM(Oxidation)AARPHSI",
                        "AM(Oxidation)AASPHAV",
                        "AM(Oxidation)AASPHAV",
                        "AM(Oxidation)AASPHAV",
                        "AM(Oxidation)AASPHAV",
                        "AM(Oxidation)AASPHAV",
                        "AM(Oxidation)AASPHAV",
                        "AM(Oxidation)AASPHAV",
                        "AM(Oxidation)AASPHAV",
                        "AM(Oxidation)AASPHAV",
                        "AM(Oxidation)AASPHAV",
                        "AM(Oxidation)AASPHAV",
                        "AM(Oxidation)AASPHAV",
                        "AM(Oxidation)AASPHAV",
                        "AM(Oxidation)AASPHAV",
                        "AM(Oxidation)AASPHAV",
                        "AM(Oxidation)AASPHAV",
                        "AM(Oxidation)AASPHAV",
                        "AM(Oxidation)ASHLTST",
                        "AM(Oxidation)ASHLTST",
                        "AM(Oxidation)HGHVEVV",
                        "AM(Oxidation)HGHVEVV",
                        "AM(Oxidation)HGHVEVV",
                        "AM(Oxidation)HGHVEVV",
                        "AM(Oxidation)NARPHKV",
                        "AM(Oxidation)NARPHKV",
                        "AM(Oxidation)NARPHKV",
                        "AMNARPHKV",
                        "AMNARPHKV",
                        "AMNARPHKV",
                        "AMNARPHKV",
                        "AMNARPHKV",
                        "AMNARPHKV",
                        "APAPRRLP",
                        "APAPRRLP",
                        "APAPRRLP",
                        "APAPRRLP",
                        "APAPRRLP",
                        "APAPRRLP",
                        "APAPRRLP",
                        "APAPRRLP",
                        "APAPRRLP",
                        "APAPRRLP",
                        "APAPRRLP",
                        "APAPRRLP",
                        "APAPRRLP",
                        "APPKAHEV",
                        "APRADAKAY",
                        "APRADAKAY",
                        "APRPPPKPM(Oxidation)",
                        "APRPPPKPM(Oxidation)",
                        "APRPPPKPM(Oxidation)",
                        "APRPPPKPM(Oxidation)",
                        "APRPPPKPM(Oxidation)",
                        "APRPPPKPM(Oxidation)",
                        "ATWSDPHKA",
                        "AVM(Oxidation)GNPKVKA",
                        "AVM(Oxidation)GNPKVKA",
                        "AVM(Oxidation)GNPKVKA",
                        "AVM(Oxidation)GNPKVKA",
                        "AVM(Oxidation)GNPKVKA",
                        "AVM(Oxidation)GNPKVKA",
                        "AVM(Oxidation)GNPKVKA",
                        "AVM(Oxidation)GNPKVKA",
                        "AVM(Oxidation)GNPKVKAH",
                        "AVVVKKIETRDG",
                        "DAAVHQRI",
                        "DAAVHQRI",
                        "DAKKQIKQV",
                        "DAKKQIKQV",
                        "DAPAGRKV",
                        "DAPAGRKV",
                        "DAPAGRKV",
                        "DAPAGRKV",
                        "DAPAGRKV",
                        "DAPAGRKV",
                        "DAPAGRKV",
                        "DAPAGRKV",
                        "DAPAGRKV",
                        "DAPAGRKV",
                        "DAPAGRKV",
                        "DAPAGRKV",
                        "DAPAGRKV",
                        "DAPAGRKV",
                        "DAPAGRKV",
                        "DAPAGRKV",
                        "DAPAGRKV",
                        "DAPAGRKV",
                        "DAPAGRKV",
                        "DAPAGRKV",
                        "DAPAGRKV",
                        "DGKKKISTV",
                        "DGKKKISTV",
                        "DGKKKISTV",
                        "DGKKKISTV",
                        "DGKKKISTV",
                        "DGKTNPKI",
                        "DHVITNM(Oxidation)N",
                        "DNKKTRII",
                        "DNKKTRII",
                        "DNKKTRII",
                        "DPM(Oxidation)KARVV",
                        "DPM(Oxidation)KARVV",
                        "DPM(Oxidation)KARVV",
                        "DPM(Oxidation)KARVV",
                        "DPM(Oxidation)KARVV",
                        "DPM(Oxidation)KARVV",
                        "DPM(Oxidation)KARVV",
                        "DPM(Oxidation)KARVV",
                        "DPM(Oxidation)KARVV",
                        "DPM(Oxidation)KARVV",
                        "DPM(Oxidation)KARVV",
                        "DPM(Oxidation)KARVV",
                        "DPM(Oxidation)KARVV",
                        "DPM(Oxidation)KARVV",
                        "DPM(Oxidation)KARVV",
                        "DPM(Oxidation)KARVV",
                        "DPM(Oxidation)KARVV",
                        "DPM(Oxidation)KARVV",
                        "DPPKTHVT",
                        "DPPKTHVT",
                        "DPPKTHVT",
                        "DPPKTHVT",
                        "DPPRDSKGL",
                        "DPPRDSKGL",
                        "DPPRDSKGL",
                        "DPPRDSKGL",
                        "DPPRDSKGL",
                        "DPPRDSKGL",
                        "DPPRDSKGL",
                        "DPPRDSKGL",
                        "DPPRDSKGL",
                        "DPPRDSKGL",
                        "DPPRDSKGL",
                        "DPPRDSKGL",
                        "DPPRDSKGL",
                        "DPPRDSKGL",
                        "DSKKSQPKI",
                        "DSKKSQPKI",
                        "EAKTHEAQI",
                        "EAKTHEAQI",
                        "EAKTHEAQI",
                        "EDRDDNKVY",
                        "EDRDDNKVY",
                        "EDRDDNKVY",
                        "EDRDDNKVY",
                        "EDRDDNKVY",
                        "EDRDDNKVY",
                        "EDRDDNKVY",
                        "EDRDDNKVY",
                        "EDRDDNKVY",
                        "EDRDDNKVY",
                        "EYSKQM(Oxidation)QRF",
                        "EYSKQM(Oxidation)QRF",
                        "EYSKQM(Oxidation)QRF",
                        "EYSKQM(Oxidation)QRF",
                        "EYSKQM(Oxidation)QRF",
                        "EYSKQM(Oxidation)QRF",
                        "EYSKQM(Oxidation)QRF",
                        "EYSKQM(Oxidation)QRF",
                        "EYSKQM(Oxidation)QRF",
                        "EYSKQM(Oxidation)QRF",
                        "EYSKQM(Oxidation)QRF",
                        "EYSKQM(Oxidation)QRF",
                        "EYSKQM(Oxidation)QRF",
                        "EYSKQM(Oxidation)QRF",
                        "EYSKQM(Oxidation)QRF",
                        "EYSKQM(Oxidation)QRF",
                        "EYSKQM(Oxidation)QRF",
                        "EYSKQM(Oxidation)QRF",
                        "EYSKQM(Oxidation)QRF",
                        "FADPHSKRV",
                        "FADPHSKRV",
                        "FADPHSKRV",
                        "FADPHSKRV",
                        "FADPHSKRV",
                        "FADPHSKRV",
                        "FADPHSKRV",
                        "FADPHSKRV",
                        "FADPHSKRV",
                        "FPHSAHQKY",
                        "FPHSAHQKY",
                        "FPHSAHQKY",
                        "FPSRGKSSSY",
                        "GIAGPRGSP",
                        "GKVGAHAGEY",
                        "GKVGAHAGEY",
                        "GKVGAHAGEY",
                        "GKVGAHAGEYG",
                        "GKVGAHAGEYG",
                        "GKVGAHAGEYG",
                        "GLAKSIHHA",
                        "GLAKSIHHA",
                        "GLAKSIHHA",
                        "GLAKSIHHA",
                        "GLAKSIHHA",
                        "GLAKSIHHA",
                        "GLAKSIHHA",
                        "GLAKSIHHA",
                        "GLAKSIHHA",
                        "GLAKSIHHA",
                        "GLAKSIHHA",
                        "GLAKSIHHA",
                        "GLAKSIHHA",
                        "GLAKSIHHA",
                        "GLAKSIHHA",
                        "GMAKKVTKA",
                        "GMAKKVTKA",
                        "GMAKKVTKA",
                        "GNVAEGETKPD",
                        "GNVAEGETKPD",
                        "GPNKKPRF",
                        "GPRVVERH",
                        "GPRVVERH",
                        "GPRVVERH",
                        "GPRVVERH",
                        "GPRVVERH",
                        "GRVVEPKR",
                        "GRVVEPKR",
                        "GRVVEPKR",
                        "GRVVEPKR",
                        "GRVVEPKR",
                        "GVM(Oxidation)VGM(Oxidation)GQKD",
                        "GVM(Oxidation)VGM(Oxidation)GQKD",
                        "GVM(Oxidation)VGM(Oxidation)GQKD",
                        "HAAENPGKY",
                        "HAAENPGKY",
                        "HAAENPGKY",
                        "HAAENPGKY",
                        "HAAENPGKY",
                        "HAANPNGRYY",
                        "HAANPNGRYY",
                        "HAASRIKTI",
                        "HAASRIKTI",
                        "HAASRIKTI",
                        "HAATYTKKV",
                        "HAATYTKKV",
                        "HAATYTKKV",
                        "HAATYTKKV",
                        "HAATYTKKV",
                        "HAATYTKKV",
                        "HAATYTKKV",
                        "HAATYTKKV",
                        "HAATYTKKV",
                        "HAATYTKKV",
                        "HAFGGNKASY",
                        "HAGPTAHEL",
                        "HAGPTAHEL",
                        "HAGPTAHEL",
                        "HAHVDKVTY",
                        "HAHVDKVTY",
                        "HAIGKSQSF",
                        "HAKEKLTAL",
                        "HAKEKLTAL",
                        "HAKEKLTAL",
                        "HAKEKLTAL",
                        "HAKEKLTAL",
                        "HAKEKLTAL",
                        "HAKEKLTAL",
                        "HAKEKLTAL",
                        "HAKEKLTAL",
                        "HAKEKLTAL",
                        "HAKEKLTAL",
                        "HAKEKLTAL",
                        "HAKEKLTAL",
                        "HAKEKLTAL",
                        "HAKEKLTAL",
                        "HAKEKLTAL",
                        "HAKEKLTAL",
                        "HAKEKLTAL",
                        "HAKEKLTAL",
                        "HAKEKLTAL",
                        "HAKEKLTAL",
                        "HAKEKLTAL",
                        "HAKEKLTAL",
                        "HAKEKLTAL",
                        "HAKEKLTAL",
                        "HAKEKLTAL",
                        "HAKEKLTAL",
                        "HAKEKLTAL",
                        "HAKEKLTAL",
                        "HAM(Oxidation)EEVKKF",
                        "HAM(Oxidation)EEVKKF",
                        "HAM(Oxidation)EEVKKF",
                        "HAM(Oxidation)EEVKKF",
                        "HAPELTKKV",
                        "HAPELTKKV",
                        "HAPELTKKV",
                        "HAPELTKKV",
                        "HLKEDQTEY",
                        "HLKEDQTEY",
                        "HLKEDQTEY",
                        "HLKEDQTEY",
                        "HLKEDQTEY",
                        "HPAENGKSNF",
                        "HPAENGKSNF",
                        "HPAENGKSNF",
                        "HPAENGKSNF",
                        "HPAENGKSNF",
                        "HPAENGKSNF",
                        "HPESERISM(Oxidation)",
                        "HPESERISM(Oxidation)",
                        "HPESERISM(Oxidation)",
                        "HPESERISM(Oxidation)",
                        "HPESERISM(Oxidation)",
                        "HPESERISM(Oxidation)",
                        "HPESERISM(Oxidation)",
                        "HPESERISM(Oxidation)",
                        "HPESERISM(Oxidation)",
                        "HPESERISM(Oxidation)",
                        "HPNKVKVY",
                        "HPNKVKVY",
                        "HPNKVKVY",
                        "HPNKVKVY",
                        "HPNKVKVY",
                        "HPNKVKVY",
                        "HPSQPQGTY",
                        "HPSQPQGTY",
                        "HPYQPDPKM(Oxidation)",
                        "HPYQPDPKM(Oxidation)",
                        "HPYQPDPKM(Oxidation)",
                        "HPYQPDPKM(Oxidation)",
                        "HPYQPDPKM(Oxidation)",
                        "HSRNEGVATY",
                        "HSRNEGVATY",
                        "HSRNEGVATY",
                        "HSRNEGVATY",
                        "HSRNEGVATY",
                        "HSRNEGVATY",
                        "HSRNEGVATY",
                        "HSRNEGVATY",
                        "HSRNEGVATY",
                        "HSRNEGVATY",
                        "HSRNEGVATY",
                        "HSRNEGVATY",
                        "HSRNEGVATY",
                        "HSSPASSNY",
                        "HVKDANGNSF",
                        "HVKDANGNSF",
                        "HVKDANGNSF",
                        "HVTAYENT",
                        "IASQTVKKV",
                        "IASQTVKKV",
                        "IASQTVKKV",
                        "IASQTVKKV",
                        "IASQTVKKV",
                        "IASQTVKKV",
                        "IASQTVKKV",
                        "IASQTVKKV",
                        "IASQTVKKV",
                        "IASQTVKKV",
                        "IASQTVKKV",
                        "IASQTVKKV",
                        "IASQTVKKV",
                        "IASQTVKKV",
                        "IASQTVKKV",
                        "IKTVETRD",
                        "IKTVETRD",
                        "IKTVETRD",
                        "IKTVETRD",
                        "ILDKKVEKV",
                        "ILDKKVEKV",
                        "ILDKKVEKV",
                        "IPKKHISQI",
                        "IPQKFHRSV",
                        "IPQKFHRSV",
                        "IPQKFHRSV",
                        "ISSEAHREV",
                        "ISSEAHREV",
                        "ISSEAHREV",
                        "ISSEAHREV",
                        "ISSEAHREV",
                        "ISSEAHREV",
                        "ISSEAHREV",
                        "IVGRPRHQ",
                        "IYTEHAHQV",
                        "KAAAFEKQV",
                        "KAAAFEKQV",
                        "KAAAFEKQV",
                        "KAAAFEKQV",
                        "KAAAFEKQV",
                        "KAAKPKVV",
                        "KAAKPKVV",
                        "KAAKPKVV",
                        "KAAQPKSL",
                        "KAAQPKSL",
                        "KAASHIKSI",
                        "KAASHIKSI",
                        "KAASHIKSI",
                        "KAATVTKEL",
                        "KAATVTKEL",
                        "KAATVTKEL",
                        "KAATVTKEL",
                        "KAISGVHTV",
                        "KAISGVHTV",
                        "KAISGVHTV",
                        "KAISGVHTV",
                        "KAKPGTYKV",
                        "KAKPGTYKV",
                        "KAKPGTYKV",
                        "KAKPGTYKV",
                        "KAKPGTYKV",
                        "KAKPGTYKV",
                        "KALVKPKEV",
                        "KALVKPKEV",
                        "KALVKPKEV",
                        "KALVKPKEV",
                        "KASEQAKVV",
                        "KASEQAKVV",
                        "KASEQAKVV",
                        "KASEQAKVV",
                        "KASGTLREY",
                        "KASGTLREY",
                        "KASGTLREY",
                        "KASGTLREY",
                        "KASGTLREY",
                        "KASGTLREY",
                        "KASGTLREY",
                        "KASGTLREY",
                        "KASGTLREY",
                        "KASGTLREY",
                        "KASGTLREY",
                        "KASGTLREY",
                        "KASGTLREY",
                        "KASGTLREY",
                        "KASGTLREY",
                        "KASGTLREY",
                        "KASGTLREY",
                        "KASGTLREY",
                        "KASGTLREY",
                        "KASGTLREY",
                        "KASGTLREY",
                        "KASGTLREY",
                        "KASGTLREY",
                        "KASGTLREY",
                        "KASGTLREY",
                        "KASGTLREY",
                        "KASGTLREY",
                        "KASGTLREY",
                        "KASGTLREY",
                        "KASGTLREY",
                        "KASGTLREY",
                        "KASGTLREY",
                        "KASGTLREY",
                        "KASGTLREY",
                        "KASGTLREY",
                        "KASGTLREY",
                        "KASGTLREY",
                        "KASGTLREY",
                        "KASGTLREY",
                        "KASGTLREY",
                        "KASGTLREY",
                        "KASGTLREY",
                        "KASGTLREY",
                        "KASGTLREY",
                        "KASGTLREY",
                        "KASGTLREY",
                        "KASGTLREY",
                        "KASGTLREY",
                        "KASGTLREY",
                        "KASGTLREY",
                        "KAYGKAKSI",
                        "KAYGKAKSI",
                        "KAYGKAKSI",
                        "KAYGKAKSI",
                        "KAYGKAKSI",
                        "KAYGKAKSI",
                        "KAYGKAKSI",
                        "KAYGKAKSI",
                        "KAYGKAKSI",
                        "KAYGKAKSI",
                        "KAYGKAKSI",
                        "KAYGKAKSI",
                        "KAYSEAHEI",
                        "KAYSEAHEI",
                        "KAYSEAHEI",
                        "KAYSEAHEI",
                        "KAYSEAHEI",
                        "KAYSEAHEI",
                        "KGTGASGSF",
                        "KGTGASGSF",
                        "KLAESVEKA",
                        "KLAESVEKA",
                        "KLAESVEKA",
                        "KLAPPPKKA",
                        "KLAPPPKKA",
                        "KLAPPPKKA",
                        "KLAPPPKKA",
                        "KLDNQVSKV",
                        "KLDNQVSKV",
                        "KLDNQVSKV",
                        "KLM(Oxidation)QQQQEV",
                        "KLM(Oxidation)QQQQEV",
                        "KLM(Oxidation)QQQQEV",
                        "KLM(Oxidation)QQQQEV",
                        "KLM(Oxidation)QQQQEV",
                        "KLM(Oxidation)QQQQEV",
                        "KLQPGSVKKV",
                        "KLQPGSVKKV",
                        "KLQPGSVKKV",
                        "KLQPGSVKKV",
                        "KLSPKAEEV",
                        "KLSPKAEEV",
                        "KLSPKAEEV",
                        "KM(Oxidation)DESKHEI",
                        "KM(Oxidation)DESKHEI",
                        "KM(Oxidation)DESKHEI",
                        "KM(Oxidation)LDHEYTT",
                        "KM(Oxidation)LDHEYTT",
                        "KM(Oxidation)LDHEYTT",
                        "KMDESKHEI",
                        "KMDESKHEI",
                        "KMDESKHEI",
                        "KMNESTRSV",
                        "KMNESTRSV",
                        "KMNESTRSV",
                        "KRDQEGLGY",
                        "KSKEFVQKV",
                        "KSKEFVQKV",
                        "KSKEFVQKV",
                        "KSKEFVQKV",
                        "KSQSTFDIH",
                        "KSQSTFDIH",
                        "KTKEGVREV",
                        "KTLGTDVVKS",
                        "KTLGTDVVKS",
                        "KTLGTDVVKS",
                        "KTLGTDVVKS",
                        "KVAQPKEV",
                        "KVAQPKEV",
                        "KVAQPKEV",
                        "KVAQPKEV",
                        "KVAQPKEV",
                        "KVAQPKEV",
                        "KVIDTQQKV",
                        "KVSNSGITRV",
                        "KVSNSGITRV",
                        "KVVNPTQK",
                        "KVVNPTQK",
                        "KVVNPTQK",
                        "KVVNPTQK",
                        "KYKERGTVL",
                        "KYNRQSM(Oxidation)TL",
                        "KYNRQSM(Oxidation)TL",
                        "KYNRQSM(Oxidation)TL",
                        "KYNRQSM(Oxidation)TL",
                        "KYNRQSM(Oxidation)TL",
                        "KYNRQSM(Oxidation)TL",
                        "KYNRQSM(Oxidation)TL",
                        "KYNRQSM(Oxidation)TL",
                        "KYNRQSM(Oxidation)TL",
                        "KYNRQSM(Oxidation)TL",
                        "KYQPKPKQI",
                        "KYQPKPKQI",
                        "KYQPKPKQI",
                        "KYTPPPHHI",
                        "KYTPPPHHI",
                        "KYTPPPHHI",
                        "KYTPPPHHI",
                        "KYTPPPHHI",
                        "KYTPPPHHI",
                        "KYTPPPHHI",
                        "KYTPPPHHI",
                        "KYTPPPHHI",
                        "KYTPPPHHI",
                        "KYTPPPHHI",
                        "KYTPPPHHI",
                        "KYTPPPHHI",
                        "KYTPPPHHI",
                        "KYTPPPHHI",
                        "KYTPPPHHI",
                        "KYTPPPHHI",
                        "KYTPPPHHI",
                        "KYTPPPHHI",
                        "KYTPPPHHI",
                        "KYTPPPHHI",
                        "KYTPPPHHI",
                        "KYTPPPHHI",
                        "KYTPPPHHI",
                        "KYTPPPHHI",
                        "KYTPPPHHI",
                        "KYTPPPHHI",
                        "KYTPPPHHI",
                        "KYTPPPHHI",
                        "KYTPPPHHI",
                        "KYTPPPHHI",
                        "KYTPPPHHI",
                        "KYTPPPHHI",
                        "KYTPPPHHI",
                        "KYTPPPHHI",
                        "KYTPPPHHI",
                        "LAKTGVHHY",
                        "LAKTGVHHY",
                        "LDKKVEKV",
                        "LLKSEKSSY",
                        "LLKSEKSSY",
                        "LLKSEKSSY",
                        "LLKSEKSSY",
                        "LLKSEKSSY",
                        "LPPKDGKVA",
                        "LPPKDGKVA",
                        "LPPKDGKVA",
                        "LPPKDGKVA",
                        "LPPKDGKVA",
                        "LPPKDGKVA",
                        "LPPKDGKVA",
                        "LPPKDGKVA",
                        "LPPKDGKVA",
                        "LPPKDGKVA",
                        "LPSENHKEM(Oxidation)",
                        "LPSENHKEM(Oxidation)",
                        "LPSENHKEM(Oxidation)",
                        "M(Oxidation)LSEHTSKL",
                        "M(Oxidation)PNKVRKI",
                        "M(Oxidation)PPEHVRKI",
                        "M(Oxidation)PPEHVRKI",
                        "M(Oxidation)PPEHVRKI",
                        "M(Oxidation)PPEHVRKI",
                        "M(Oxidation)PPEHVRKI",
                        "M(Oxidation)PPEHVRKI",
                        "M(Oxidation)PPEHVRKI",
                        "M(Oxidation)PPEHVRKI",
                        "M(Oxidation)PPEHVRKI",
                        "M(Oxidation)PPEHVRKI",
                        "M(Oxidation)PPEHVRKI",
                        "M(Oxidation)PPEHVRKI",
                        "M(Oxidation)PPEHVRKI",
                        "M(Oxidation)PPEHVRKI",
                        "M(Oxidation)PPEHVRKI",
                        "M(Oxidation)PPEHVRKI",
                        "M(Oxidation)PPEHVRKI",
                        "M(Oxidation)PPEHVRKI",
                        "M(Oxidation)PPEHVRKI",
                        "M(Oxidation)PPEHVRKI",
                        "M(Oxidation)PPEHVRKI",
                        "M(Oxidation)PPEHVRKI",
                        "M(Oxidation)PPEHVRKI",
                        "M(Oxidation)PPEHVRKI",
                        "M(Oxidation)PPEHVRKI",
                        "M(Oxidation)PPEHVRKI",
                        "M(Oxidation)PPEHVRKI",
                        "M(Oxidation)PPEHVRKI",
                        "M(Oxidation)PPEHVRKI",
                        "M(Oxidation)PPEHVRKI",
                        "M(Oxidation)PPEHVRKI",
                        "M(Oxidation)PQGGGQHY",
                        "M(Oxidation)PQGGGQHY",
                        "M(Oxidation)PQGGGQHY",
                        "M(Oxidation)PQGGGQHY",
                        "M(Oxidation)PQGGGQHY",
                        "M(Oxidation)PQGGGQHY",
                        "M(Oxidation)PQGGGQHY",
                        "M(Oxidation)PQGGGQHY",
                        "M(Oxidation)PQGGGQHY",
                        "M(Oxidation)PQKERESI",
                        "M(Oxidation)PQKERESI",
                        "M(Oxidation)PQKERESI",
                        "M(Oxidation)PQKERESI",
                        "M(Oxidation)PQKERESI",
                        "M(Oxidation)PQKERESI",
                        "M(Oxidation)PRNLREY",
                        "MPKAEKNAV",
                        "MPKAEKNAV",
                        "MPKAEKNAV",
                        "MPNKVRKI",
                        "MPNKVRKI",
                        "MPNKVRKI",
                        "MPNKVRKI",
                        "MPNKVRKI",
                        "MPPEHVRKI",
                        "MPPEHVRKI",
                        "MPPEHVRKI",
                        "MPPEHVRKI",
                        "MPPEHVRKI",
                        "MPPEHVRKI",
                        "MPPEHVRKI",
                        "MPPEHVRKI",
                        "MPPEHVRKI",
                        "MPPEHVRKI",
                        "MPQKERESI",
                        "MPQKERESI",
                        "MPQKERESI",
                        "MPQKERESI",
                        "MPQKERESI",
                        "MPQKERESI",
                        "NAAEGRSF",
                        "NAAEGRSF",
                        "NAHGEPRNY",
                        "NAHGEPRNY",
                        "NAHGEPRNY",
                        "NAHGEPRNY",
                        "NAHGEPRNY",
                        "NALAHKYH",
                        "NALAHKYH",
                        "NALAHKYH",
                        "NAM(Oxidation)KIRDV",
                        "NAM(Oxidation)KIRDV",
                        "NAM(Oxidation)KIRDV",
                        "NAM(Oxidation)KIRDV",
                        "NAM(Oxidation)KIRDV",
                        "NAM(Oxidation)KIRDV",
                        "NAM(Oxidation)KIRDV",
                        "NAM(Oxidation)KIRDV",
                        "NAM(Oxidation)KIRDV",
                        "NASARDNTI",
                        "NASARDNTI",
                        "NASARDNTI",
                        "NATAVVRHM(Oxidation)",
                        "NATAVVRHM(Oxidation)",
                        "NATAVVRHM(Oxidation)",
                        "NATAVVRHM(Oxidation)",
                        "NATAVVRHM(Oxidation)",
                        "NATAVVRHM(Oxidation)",
                        "NATAVVRHM(Oxidation)",
                        "NATNAVKRL",
                        "NATNAVKRL",
                        "NGTHVVRHY",
                        "NGTHVVRHY",
                        "NGTHVVRHY",
                        "NGTHVVRHY",
                        "NGTHVVRHY",
                        "NGTHVVRHY",
                        "NGTHVVRHY",
                        "NIQKITKS",
                        "NIQKITKS",
                        "NLAEKPKTV",
                        "NLAEKPKTV",
                        "NLAEKPKTV",
                        "NLAEKPKTV",
                        "NLAEKPKTV",
                        "NLAEKPKTV",
                        "NLKVKGPVR",
                        "NLKVKGPVR",
                        "NLKVKGPVR",
                        "NLKVKGPVR",
                        "NLKVKGPVR",
                        "NLRPKKKV",
                        "NLRPKKKVK",
                        "NLRPKKKVK",
                        "NLRPKKKVK",
                        "NLSSLSKK",
                        "NLSSLSKK",
                        "NLSSLSKK",
                        "NLTEEEEKSKS",
                        "NLTEEEEKSKS",
                        "NNLSSLSKK",
                        "NNLSSLSKK",
                        "NNLSSLSKK",
                        "NNLSSLSKK",
                        "NPAAYENDK",
                        "NPFGGASHAKG",
                        "NPFGGASHAKG",
                        "NPFGGASHAKG",
                        "NPFGGASHAKG",
                        "NPKESSSSL",
                        "NPKESSSSL",
                        "NPKESSSSL",
                        "NPKESSSSL",
                        "NPKESSSSL",
                        "NPKESSSSL",
                        "NSHSTTSSF",
                        "NSHSTTSSF",
                        "NSHSTTSSF",
                        "NSHSTTSSF",
                        "NSHSTTSSF",
                        "NTKIGPRR",
                        "NTKIGPRR",
                        "NTKIGPRR",
                        "NTKIGPRR",
                        "NTKIGPRR",
                        "NTKIGPRR",
                        "NTKIGPRR",
                        "NTKIGPRR",
                        "NTKIGPRR",
                        "NVDYSKLKK",
                        "NVINGGSHA",
                        "NVKIVKVKKE",
                        "NVKIVKVKKE",
                        "NVKIVKVKKE",
                        "PKSKELVSSSS",
                        "PPNKKPKV",
                        "PPNKKPKV",
                        "PPNKKPKV",
                        "PPNKKPKV",
                        "PPNKKPKV",
                        "PVEKALRD",
                        "PVEKALRD",
                        "QAGPINREM(Oxidation)",
                        "QAGPINREM(Oxidation)",
                        "QAGPINREM(Oxidation)",
                        "QAGPINREM(Oxidation)",
                        "QAGPINREM(Oxidation)",
                        "QAGPINREM(Oxidation)",
                        "QAGPINREM(Oxidation)",
                        "QAGPINREM(Oxidation)",
                        "QALKHLKQY",
                        "QALKHLKQY",
                        "QALKHLKQY",
                        "QALKHLKQY",
                        "QALKHLKQY",
                        "QALKHLKQY",
                        "QAMDRAHRI",
                        "QGVM(Oxidation)VGM(Oxidation)GQK",
                        "QGVM(Oxidation)VGM(Oxidation)GQK",
                        "QGVM(Oxidation)VGM(Oxidation)GQKD",
                        "QGVM(Oxidation)VGM(Oxidation)GQKD",
                        "QGVM(Oxidation)VGM(Oxidation)GQKD",
                        "QPAKADKESF",
                        "QPAKADKESF",
                        "QPAKADKESF",
                        "QPAKADKESF",
                        "QPHKVTQY",
                        "QPHKVTQY",
                        "QPHKVTQY",
                        "QPHKVTQY",
                        "QPHKVTQY",
                        "QPHKVTQY",
                        "QPHKVTQY",
                        "QTHQPPAPNS",
                        "QTHQPPAPNS",
                        "QTHQPPAPNS",
                        "QTHQPPAPNS",
                        "QTHQPPAPNS",
                        "QTHQPPAPNS",
                        "QVKPNSNQV",
                        "QVKPNSNQV",
                        "QYKKDGADF",
                        "QYKKDGADF",
                        "QYKKDGADF",
                        "QYKKDGADF",
                        "QYKKDGADF",
                        "RAASTIKEV",
                        "RAASTIKEV",
                        "RAASTIKEV",
                        "RADKKAPR",
                        "RADKKAPR",
                        "RAQEKVHEM",
                        "REDAM(Oxidation)AMVD",
                        "REDAM(Oxidation)AMVD",
                        "REDAM(Oxidation)AMVD",
                        "REDAM(Oxidation)AMVD",
                        "RFYARYSL",
                        "RFYARYSL",
                        "RFYARYSL",
                        "RFYARYSL",
                        "RFYARYSL",
                        "RFYARYSL",
                        "RFYARYSL",
                        "RFYARYSL",
                        "RFYARYSL",
                        "RFYARYSL",
                        "RFYARYSL",
                        "RLAEAHAKV",
                        "RLAEAHAKV",
                        "RLAEAHAKV",
                        "RLAEAHAKV",
                        "RLAEAHAKV",
                        "RLGPTGKEV",
                        "RLGPTGKEV",
                        "RLHEKIQEA",
                        "RLHEKIQEA",
                        "RLHEKIQEA",
                        "RLHEKIQEA",
                        "RLHEKIQEA",
                        "RLNNKSAKV",
                        "RLNNKSAKV",
                        "RLNNKSAKV",
                        "RLNNKSAKV",
                        "RLNNKSAKV",
                        "RLQSKTIKV",
                        "RMARTPQTV",
                        "RMARTPQTV",
                        "RMARTPQTV",
                        "RPKKPGQSF",
                        "RPKKPGQSF",
                        "RPKKPGQSF",
                        "RPPASSEQA",
                        "RPPASSEQA",
                        "RPPASSEQA",
                        "RPVPKGATY",
                        "RPVPKGATY",
                        "RPVPKGATY",
                        "RPVPKGATY",
                        "RPVPKGATY",
                        "RPVPKGATY",
                        "RPVPKGATY",
                        "RQVTGVTRV",
                        "RQVTGVTRV",
                        "RSNEHIREL",
                        "RSNEHIREL",
                        "RSTENVNKL",
                        "RSTENVNKL",
                        "RSTENVNKL",
                        "RSTQYM(Oxidation)KEY",
                        "RSTQYM(Oxidation)KEY",
                        "RSTQYM(Oxidation)KEY",
                        "RSTQYM(Oxidation)KEY",
                        "RSTQYM(Oxidation)KEY",
                        "RSTQYM(Oxidation)KEY",
                        "RSTQYM(Oxidation)KEY",
                        "RSTQYM(Oxidation)KEY",
                        "RSTQYM(Oxidation)KEY",
                        "RSTQYM(Oxidation)KEY",
                        "RSTQYM(Oxidation)KEY",
                        "RSTQYM(Oxidation)KEY",
                        "RSTQYM(Oxidation)KEY",
                        "RSTQYM(Oxidation)KEY",
                        "RSTQYM(Oxidation)KEY",
                        "RSTQYM(Oxidation)KEY",
                        "RSTQYM(Oxidation)KEY",
                        "RSTQYM(Oxidation)KEY",
                        "RVAGIHKKV",
                        "RVAGIHKKV",
                        "RVAGIHKKV",
                        "RVAGIHKKV",
                        "RVAGIHKKV",
                        "RVAGIHKKV",
                        "RVAGIHKKV",
                        "RVAGIHKKV",
                        "RVAGIHKKV",
                        "RVAGIHKKV",
                        "RVAGIHKKV",
                        "RVAGIHKKV",
                        "RVAGIHKKV",
                        "RVAGIHKKV",
                        "RVAGIHKKV",
                        "RVAGIHKKV",
                        "RVAGIHKKV",
                        "RVAGIHKKV",
                        "RVAGIHKKV",
                        "RVAGIHKKV",
                        "RVAGIHKKV",
                        "RVAGIHKKV",
                        "RYDDM(Oxidation)AAAM(Oxidation)",
                        "RYDDM(Oxidation)AAAM(Oxidation)",
                        "RYIDTHNRV",
                        "RYIDTHNRV",
                        "RYIDTHNRV",
                        "RYM(Oxidation)NHM(Oxidation)QSL",
                        "RYM(Oxidation)NHM(Oxidation)QSL",
                        "RYM(Oxidation)NHM(Oxidation)QSL",
                        "RYM(Oxidation)NHM(Oxidation)QSL",
                        "RYM(Oxidation)NHM(Oxidation)QSL",
                        "RYM(Oxidation)NHM(Oxidation)QSL",
                        "SAKLERSHY",
                        "SAKLERSHY",
                        "SAKLERSHY",
                        "SAKLERSHY",
                        "SAKLERSHY",
                        "SAKLERSHY",
                        "SAKLERSHY",
                        "SAKLERSHY",
                        "SAKLERSHY",
                        "SAKLERSHY",
                        "SALRPSTS",
                        "SALRPSTS",
                        "SALSHVRKI",
                        "SAMSNPRAM(Oxidation)",
                        "SAQTTSHEL",
                        "SAQTTSHEL",
                        "SAQTTSHEL",
                        "SAQTTSHEL",
                        "SAQTTSHEL",
                        "SAQTTSHEL",
                        "SAQTTSHEL",
                        "SAQTTSHEL",
                        "SAQTTSHEL",
                        "SAQTTSHEL",
                        "SAQTTSHEL",
                        "SARAGETRF",
                        "SARAGETRF",
                        "SARAGETRF",
                        "SARAGETRF",
                        "SARAGETRF",
                        "SARAGETRF",
                        "SARAGETRF",
                        "SARAGETRF",
                        "SARAGETRF",
                        "SASEAAKKY",
                        "SASHVSKTV",
                        "SASHVSKTV",
                        "SATGHPRKV",
                        "SATGHPRKV",
                        "SATNALRSM(Oxidation)",
                        "SATNALRSM(Oxidation)",
                        "SATSNKHLL",
                        "SAVDRQREY",
                        "SAVDRQREY",
                        "SAVDRQREY",
                        "SAVDRQREY",
                        "SAVDRQREY",
                        "SAVDRQREY",
                        "SAVDRQREY",
                        "SAYANAKKY",
                        "SAYANAKKY",
                        "SAYANAKKY",
                        "SAYANAKKY",
                        "SAYANAKKY",
                        "SEVAHRFK",
                        "SEVAHRFK",
                        "SIVGRPRH",
                        "SIVGRPRH",
                        "SIVGRPRH",
                        "SIVGRPRH",
                        "SKEYFSKQ",
                        "SKEYFSKQ",
                        "SKEYFSKQ",
                        "SLDKTSHSV",
                        "SLDKTSHSV",
                        "SLDKTSHSV",
                        "SLDKTSHSV",
                        "SLDKTSHSV",
                        "SLDKTSHSV",
                        "SLDKTSHSV",
                        "SLDKTSHSV",
                        "SLDTQPKKV",
                        "SLDTQPKKV",
                        "SLDTQPKKV",
                        "SLNKHVEAV",
                        "SM(Oxidation)LGSPHKV",
                        "SM(Oxidation)LGSPHKV",
                        "SM(Oxidation)LGSPHKV",
                        "SM(Oxidation)LGSPHKV",
                        "SM(Oxidation)LGSPHKV",
                        "SM(Oxidation)LGSPHKV",
                        "SM(Oxidation)NTHLKAV",
                        "SM(Oxidation)NTHLKAV",
                        "SM(Oxidation)NTHLKAV",
                        "SM(Oxidation)PEQAHKV",
                        "SPM(Oxidation)EKIKQY",
                        "SPM(Oxidation)EKIKQY",
                        "SPM(Oxidation)EKIKQY",
                        "SPNKHNRLY",
                        "SPNKHNRLY",
                        "SPNYHEEKY",
                        "SPNYHEEKY",
                        "SQRFPKAE",
                        "SQRFPKAE",
                        "SQRFPKAE",
                        "SRPETGRPRPKG",
                        "SSRSYTSGPG",
                        "SSRSYTSGPG",
                        "SVKNDHSAY",
                        "SVQVFGRKK",
                        "SVQVFGRKK",
                        "SVQVFGRKK",
                        "SVQVFGRKK",
                        "SYVGDEAQSKR",
                        "SYVGDEAQSKR",
                        "SYVGDEAQSKR",
                        "SYVGDEAQSKR",
                        "SYVGDEAQSKR",
                        "SYVGDEAQSKR",
                        "SYVGDEAQSKR",
                        "SYVGDEAQSKR",
                        "SYVGDEAQSKR",
                        "SYVGDEAQSKR",
                        "SYVGDEAQSKRG",
                        "SYVGDEAQSKRG",
                        "SYVGDEAQSKRG",
                        "SYVGDEAQSKRG",
                        "SYVGDEAQSKRG",
                        "SYVGDEAQSKRG",
                        "SYVGDEAQSKRG",
                        "SYVGDEAQSKRG",
                        "SYVGDEAQSKRG",
                        "SYVGDEAQSKRG",
                        "SYVGDEAQSKRG",
                        "TALAPSTM(Oxidation)K",
                        "TAPQTQHV",
                        "TAPQTQHV",
                        "TAPQTQHV",
                        "TAPQTQHV",
                        "TARPGPRAV",
                        "TARPGPRAV",
                        "TARPGPRAV",
                        "TARPGPRAV",
                        "TARPGPRAV",
                        "TARPGPRAV",
                        "TDKSFVEK",
                        "TDKSFVEK",
                        "TDKSFVEK",
                        "TDRETGKL",
                        "TDRETGKL",
                        "TDRETGKL",
                        "TEKLVTSK",
                        "TEKLVTSK",
                        "TEKLVTSK",
                        "TEKLVTSKG",
                        "TEKLVTSKG",
                        "TGYYGKGKP",
                        "TGYYGKGKP",
                        "THQPPAPNS",
                        "THQPPAPNS",
                        "THQPPAPNS",
                        "THQPPAPNS",
                        "THQPPAPNS",
                        "THQPPAPNS",
                        "THQPPAPNS",
                        "THQPPAPNS",
                        "THQPPAPNS",
                        "THQPPAPNS",
                        "THQPPAPNS",
                        "THYDPPRK",
                        "THYDPPRK",
                        "THYDPPRK",
                        "TIGEGQQHHLG",
                        "TIGEGQQHHLG",
                        "TKKVPQVS",
                        "TKKVPQVS",
                        "TKKVPQVS",
                        "TLVQTKGT",
                        "TNNLRPKKKVK",
                        "TNNLRPKKKVK",
                        "TNNLRPKKKVK",
                        "TRLSRTPGNR",
                        "TSGPGSRISSSS",
                        "TSGPGSRISSSS",
                        "TSGPGSRISSSS",
                        "TSGPGSRISSSS",
                        "TSGPGSRISSSS",
                        "TSGPGSRISSSS",
                        "TSGPGSRISSSS",
                        "TSGPGSRISSSS",
                        "TSGPGSRISSSS",
                        "TSGPGSRISSSS",
                        "TSGPGSRISSSS",
                        "TSGPGSRISSSS",
                        "TSVSRPGRG",
                        "TTPISEQKG",
                        "TTPISEQKG",
                        "TTTHITKTV",
                        "TTTHITKTV",
                        "TTTHITKTV",
                        "TTTHITKTV",
                        "TTTHITKTV",
                        "TTTHITKTV",
                        "TVIGPDGHKE",
                        "TVIGPDGHKE",
                        "TVKDSRTVY",
                        "TVKDSRTVY",
                        "TVKDSRTVY",
                        "TVKDSRTVY",
                        "TVKDSRTVY",
                        "TVKDSRTVY",
                        "TVKDSRTVY",
                        "TVKDSRTVY",
                        "TVQNEANKY",
                        "VAPPKAHEV",
                        "VAPPKAHEV",
                        "VAPPKAHEV",
                        "VAPPKAHEV",
                        "VAPPKAHEV",
                        "VAPPKAHEV",
                        "VAPPKAHEV",
                        "VARAGQKGY",
                        "VASEGIKRY",
                        "VASEGIKRY",
                        "VASEGIKRY",
                        "VASEGIKRY",
                        "VASEGIKRY",
                        "VHLTPEEK",
                        "VHLTPEEK",
                        "VHLTPEEK",
                        "VHLTPEEK",
                        "VITDKEKAE",
                        "VITDKEKAE",
                        "VITDKEKAE",
                        "VPKEGKVV",
                        "VPKEGKVV",
                        "VPKEGKVV",
                        "VQKTIAEN",
                        "VQKTIAEN",
                        "VQNGKHFKF",
                        "VSKGTLVQTKGT",
                        "VSKGTLVQTKGT",
                        "VSKGTLVQTKGT",
                        "VSKGTLVQTKGT",
                        "VSKGTLVQTKGT",
                        "VTTSTRTY",
                        "VTTSTRTY",
                        "VYAQKHQQL",
                        "VYAQKHQQL",
                        "VYAQKHQQL",
                        "VYAQKHQQL",
                        "VYGKTSHL",
                        "VYGKTSHL",
                        "YADEKTKDV",
                        "YADEKTKDV",
                        "YADEKTKDV",
                        "YADEKTKDV",
                        "YADEKTKDV",
                        "YADEKTKDV",
                        "YADEKTKDV",
                        "YADEKTKDV",
                        "YADEKTKDV",
                        "YADEKTKDV",
                        "YADEKTKDV",
                        "YADEKTKDV",
                        "YADEKTKDV",
                        "YADEKTKDV",
                        "YADEKTKDV",
                        "YADEKTKDV",
                        "YADEKTKDV",
                        "YADEKTKDV",
                        "YADEKTKDV",
                        "YADEKTKDV",
                        "YADEKTKDV",
                        "YADEKTKDV",
                        "YADEKTKDV",
                        "YADEKTKDV",
                        "YADEKTKDV",
                        "YARLHPRAV",
                        "YARLHPRAV",
                        "YARLHPRAV",
                        "YARLHPRAV",
                        "YARLHPRAV",
                        "YARLHPRAV",
                        "YARLHPRAV",
                        "YARLHPRAV",
                        "YARLHPRAV",
                        "YARLHPRAV",
                        "YARLHPRAV",
                        "YARLHPRAV",
                        "YARLHPRAV",
                        "YARLHPRAV",
                        "YGSTVSKRV",
                        "YGSTVSKRV",
                        "YGSTVSKRV",
                        "YGSTVSKRV",
                        "YGSTVSKRV",
                        "YGSTVSKRV",
                        "YGSTVSKRV",
                        "YGSTVSKRV",
                        "YGSTVSKRV",
                        "YGSTVSKRV",
                        "YGSTVSKRV",
                        "YGSTVSKRV",
                        "YGSTVSKRV",
                        "YGSTVSKRV",
                        "YGSTVSKRV",
                        "YGSTVSKRV",
                        "YGSTVSKRV",
                        "YLNKHIQKV",
                        "YPAKAKGTF",
                        "YTKKLNTQ",
                        "YTKKLNTQ",
                        "YTKKLNTQ",
                        "YTM(Oxidation)KKVHAL",
                        "YTM(Oxidation)KKVHAL",
                        "YTM(Oxidation)KKVHAL",
                        "YTM(Oxidation)KKVHAL",
                        "YTM(Oxidation)KKVHAL",
                        "YTM(Oxidation)KKVHAL",
                        "YVGDEAQSKR"
                    ]
                ]
            ]
        ],
        "timestamp": "2026-09-22T20:33:17.421607145",
        "meta": {
            "nf-test": "0.9.5",
            "nextflow": "25.10.4"
        }
    }
}