{
    "-profile test_sdrf": {
        "content": [
            {
                "MS2RESCORE": {
                    "MS2Rescore": "3.1.5"
                },
                "OPENMSTHIRDPARTY_COMETADAPTER": {
                    "Comet": "2024.01 rev. 1",
                    "CometAdapter": "3.5.0"
                },
                "OPENMS_DECOYDATABASE": {
                    "openms": "3.5.0"
                },
                "OPENMS_IDFILTER_Q_VALUE": {
                    "openms": "3.5.0"
                },
                "OPENMS_IDMASSACCURACY": {
                    "openms": "3.4.1"
                },
                "OPENMS_IDMERGER": {
                    "openms": "3.5.0"
                },
                "OPENMS_PEPTIDEINDEXER": {
                    "openms": "3.5.0"
                },
                "OPENMS_PERCOLATORADAPTER": {
                    "PercolatorAdapter": "3.5.0-pre-exported-20251212",
                    "percolator": "3.07.1"
                },
                "OPENMS_PSMFEATUREEXTRACTOR": {
                    "openms": "3.5.0"
                },
                "OPENMS_TEXTEXPORTER": {
                    "openms": "3.5.0"
                },
                "PARSESDRF_CONVERT": {
                    "sdrf-pipelines": "0.1.4"
                },
                "PRIDEPY_DOWNLOADFILE": {
                    "pridepy": "0.0.15"
                },
                "PYOPENMS_CHROMATOGRAMEXTRACTOR": {
                    "pyopenms": "3.4.1"
                },
                "SUMMARIZE_RESULTS": {
                    "pyopenms": "3.4.1"
                },
                "THERMORAWFILEPARSER": {
                    "thermorawfileparser": "1.4.5"
                },
                "Workflow": {
                    "nf-core/mhcquant": "v3.2.0"
                }
            },
            [
                "intermediate_results",
                "intermediate_results/comet",
                "intermediate_results/comet/IP_lung_1T_060317_1_pin.tsv",
                "intermediate_results/rescoring",
                "intermediate_results/rescoring/lc2_1_ms2rescore.idXML",
                "intermediate_results/rescoring/lc2_1_pout.idXML",
                "intermediate_results/rescoring/lc2_1_pout_filtered.idXML",
                "intermediate_results/rescoring/lc2_1_psm.idXML",
                "lc2_1.tsv",
                "multiqc",
                "multiqc/ms2rescore",
                "multiqc/multiqc_data",
                "multiqc/multiqc_data/llms-full.txt",
                "multiqc/multiqc_data/multiqc.log",
                "multiqc/multiqc_data/multiqc.parquet",
                "multiqc/multiqc_data/multiqc_chromatogram.txt",
                "multiqc/multiqc_data/multiqc_citations.txt",
                "multiqc/multiqc_data/multiqc_data.json",
                "multiqc/multiqc_data/multiqc_deeplc_rt_calibration.txt",
                "multiqc/multiqc_data/multiqc_general_stats.txt",
                "multiqc/multiqc_data/multiqc_histogram_mz.txt",
                "multiqc/multiqc_data/multiqc_histogram_rt.txt",
                "multiqc/multiqc_data/multiqc_histogram_scores.txt",
                "multiqc/multiqc_data/multiqc_length_dist.txt",
                "multiqc/multiqc_data/multiqc_mass_error.txt",
                "multiqc/multiqc_data/multiqc_percolator_barplot.txt",
                "multiqc/multiqc_data/multiqc_scores_xcorr.txt",
                "multiqc/multiqc_data/multiqc_software_versions.txt",
                "multiqc/multiqc_data/multiqc_sources.txt",
                "multiqc/multiqc_data/percolator_plot.txt",
                "multiqc/multiqc_plots",
                "multiqc/multiqc_plots/pdf",
                "multiqc/multiqc_plots/pdf/chromatogram-cnt.pdf",
                "multiqc/multiqc_plots/pdf/chromatogram-log.pdf",
                "multiqc/multiqc_plots/pdf/deeplc_rt_calibration.pdf",
                "multiqc/multiqc_plots/pdf/general_stats.pdf",
                "multiqc/multiqc_plots/pdf/histogram_mz.pdf",
                "multiqc/multiqc_plots/pdf/histogram_rt.pdf",
                "multiqc/multiqc_plots/pdf/histogram_scores.pdf",
                "multiqc/multiqc_plots/pdf/length_dist.pdf",
                "multiqc/multiqc_plots/pdf/mass_error.pdf",
                "multiqc/multiqc_plots/pdf/percolator_plot-cnt.pdf",
                "multiqc/multiqc_plots/pdf/percolator_plot-pct.pdf",
                "multiqc/multiqc_plots/pdf/scores_xcorr.pdf",
                "multiqc/multiqc_plots/png",
                "multiqc/multiqc_plots/png/chromatogram-cnt.png",
                "multiqc/multiqc_plots/png/chromatogram-log.png",
                "multiqc/multiqc_plots/png/deeplc_rt_calibration.png",
                "multiqc/multiqc_plots/png/general_stats.png",
                "multiqc/multiqc_plots/png/histogram_mz.png",
                "multiqc/multiqc_plots/png/histogram_rt.png",
                "multiqc/multiqc_plots/png/histogram_scores.png",
                "multiqc/multiqc_plots/png/length_dist.png",
                "multiqc/multiqc_plots/png/mass_error.png",
                "multiqc/multiqc_plots/png/percolator_plot-cnt.png",
                "multiqc/multiqc_plots/png/percolator_plot-pct.png",
                "multiqc/multiqc_plots/png/scores_xcorr.png",
                "multiqc/multiqc_plots/svg",
                "multiqc/multiqc_plots/svg/chromatogram-cnt.svg",
                "multiqc/multiqc_plots/svg/chromatogram-log.svg",
                "multiqc/multiqc_plots/svg/deeplc_rt_calibration.svg",
                "multiqc/multiqc_plots/svg/general_stats.svg",
                "multiqc/multiqc_plots/svg/histogram_mz.svg",
                "multiqc/multiqc_plots/svg/histogram_rt.svg",
                "multiqc/multiqc_plots/svg/histogram_scores.svg",
                "multiqc/multiqc_plots/svg/length_dist.svg",
                "multiqc/multiqc_plots/svg/mass_error.svg",
                "multiqc/multiqc_plots/svg/percolator_plot-cnt.svg",
                "multiqc/multiqc_plots/svg/percolator_plot-pct.svg",
                "multiqc/multiqc_plots/svg/scores_xcorr.svg",
                "multiqc/multiqc_report.html",
                "pipeline_info",
                "pipeline_info/nf_core_mhcquant_software_mqc_versions.yml",
                "sdrf",
                "sdrf/PXD009752_presets.tsv",
                "sdrf/PXD009752_samplesheet.tsv"
            ],
            [
                "PXD009752_presets.tsv:md5,3ba3b5c24f71025bfc1799ea87cd0a12",
                "PXD009752_samplesheet.tsv:md5,4d7d2f1ca8d3def75b05ae8c01c481d8"
            ],
            [
                [
                    "lc2_1.tsv",
                    [
                        "AEDGLKHEY",
                        "AEDKENYKKF",
                        "AEDKENYKKFY",
                        "AEGTLSKKL",
                        "AEKELHEKF",
                        "ATAQFKINKK",
                        "ATEQPLTAK",
                        "ATEQPLTAKK",
                        "ATFPGMWER",
                        "ATNKITIIFK",
                        "ATQTSVVVK",
                        "AVATALGLK",
                        "AVIQVSQIVAR",
                        "AVQEFGLAR",
                        "AVQEFGLARFK",
                        "AVSEGTKAVTK",
                        "AVTDQTVSK",
                        "AVTKYTSSK",
                        "AVVELVTVK",
                        "DAYPEIEKF",
                        "DYIDTIWKI",
                        "EEDPNTHILY",
                        "EEIEILLRY",
                        "EELQKIYKTY",
                        "EERVINEEY",
                        "EETPVVLQL",
                        "EEVPKRKW",
                        "EILKWYLNK",
                        "FPAGKVPAF",
                        "GEASRLAHY",
                        "GEWASGGVRSF",
                        "GGHSGSSYLNTVQK",
                        "GIAGSLTNK",
                        "GSLGFTVTK",
                        "GSQAGGSQTLK",
                        "GSSPEQVVRPK",
                        "GSYNKVFLAK",
                        "GTFLEGVAK",
                        "GTIHAGQPVK",
                        "GTNVNMPVSK",
                        "GTVDKKMVEK",
                        "GTVTPPPRLVK",
                        "HFDPEVVQI",
                        "HPDTGISSKAM",
                        "HPFIVKLHY",
                        "HPFLSGAETF",
                        "HPVEELLDSY",
                        "HTASPTGMMK",
                        "HYDAVEAEL",
                        "IVADHVASY",
                        "IYLPYLHEW",
                        "KAFNQGKIFK",
                        "KEIFLRELI",
                        "KEIPN(Deamidated)FPTL",
                        "KPITTGGVTY",
                        "KSFDTSLIRK",
                        "KVLHFFNVK",
                        "KYLADLPTL",
                        "KYVKVFHKF",
                        "LPAKDIQTNVY",
                        "LPALLEKNAM",
                        "LPPGSVISY",
                        "LPSSEVVKF",
                        "LVFPSEIVGK",
                        "LYDLVTEKM",
                        "MAIEAQQKF",
                        "MPVDPNEPTY",
                        "MPVGMTHGL",
                        "N(Deamidated)M(Oxidation)TSCHRPICRKEG",
                        "NAIEDTIFY",
                        "NESLFGKKY",
                        "NEYESRSLW",
                        "NPFEKGDLY",
                        "NVLDIMVTK",
                        "NYFHLAVAF",
                        "NYVPMTPGTFDF",
                        "PAPPPPPPP",
                        "PFLPQLQT",
                        "QELIGKKEY",
                        "QPFREAIAL",
                        "QPWEEIKTSY",
                        "RILFFNTPK",
                        "RTLQQMLLK",
                        "RVLDVTKKK",
                        "RYGPQFTL",
                        "RYIRDAHTF",
                        "RYLADLPTL",
                        "SADRVVAF",
                        "SAQSFFENK",
                        "SAVDPVQMK",
                        "SEADVAQQF",
                        "SEGTKAVTK",
                        "SEIAQKQKL",
                        "SELAEDKENY",
                        "SEN(Deamidated)ELKKAY",
                        "SENELKKAY",
                        "SFSPKTYSF",
                        "SGSSYLNTVQK",
                        "SIMEGPLSK",
                        "SLQDKQ(Deamidated)KGAK",
                        "SQIEKFQEK",
                        "SSADGSQPPK",
                        "SSIQGQWPK",
                        "SSLYIILKK",
                        "STDERAYQR",
                        "STEKIYIRK",
                        "STLAVTSQK",
                        "STMGYMMAK",
                        "STMGYMMAKK",
                        "SVAELRSQK",
                        "SVIVQPFSK",
                        "SVPREPIDRK",
                        "SVSQPVAQK",
                        "SYGSVFKAI",
                        "SYIAAISARF",
                        "SYQRAFNEF",
                        "TAADTAVYY",
                        "TEHYDIPKVSW",
                        "TENKERKSF",
                        "TFMDRGFVF",
                        "TPSSDVLVF",
                        "TPTGAISQY",
                        "TVFENLINK",
                        "TVSETFMSK",
                        "TYIDKSTQL",
                        "TYNKVLHFF",
                        "VPPVFVVSY",
                        "VPSPAQIMY",
                        "VPVEEQEEF",
                        "VSEGTKAVTK",
                        "VTQSEIAQK",
                        "VTQSEIAQKQK",
                        "VVQEPGQVFK",
                        "VWSDVTPLTF",
                        "VYEGPELNHAF",
                        "VYIKHPVSL",
                        "VYNKVHITL",
                        "YIKHPVSL",
                        "YYDVAKQLL",
                        "YYISPRLTF"
                    ]
                ]
            ]
        ],
        "timestamp": "2026-06-11T12:35:15.842389067",
        "meta": {
            "nf-test": "0.9.5",
            "nextflow": "25.10.4"
        }
    }
}