{
    "-profile test_search_presets": {
        "content": [
            {
                "MS2RESCORE": {
                    "MS2Rescore": "3.1.5"
                },
                "OPENMSTHIRDPARTY_COMETADAPTER": {
                    "Comet": "2024.01 rev. 1",
                    "CometAdapter": "3.5.0"
                },
                "OPENMS_DECOYDATABASE": {
                    "openms": "3.5.0"
                },
                "OPENMS_IDFILTER_Q_VALUE": {
                    "openms": "3.5.0"
                },
                "OPENMS_IDMASSACCURACY": {
                    "openms": "3.4.1"
                },
                "OPENMS_IDMERGER": {
                    "openms": "3.5.0"
                },
                "OPENMS_PEPTIDEINDEXER": {
                    "openms": "3.5.0"
                },
                "OPENMS_PERCOLATORADAPTER": {
                    "PercolatorAdapter": "3.5.0-pre-exported-20251212",
                    "percolator": "3.07.1, Build Date Mar 13 2025 17:19:27"
                },
                "OPENMS_PSMFEATUREEXTRACTOR": {
                    "openms": "3.5.0"
                },
                "OPENMS_TEXTEXPORTER": {
                    "openms": "3.5.0"
                },
                "PYOPENMS_CHROMATOGRAMEXTRACTOR": {
                    "pyopenms": "3.4.1"
                },
                "SUMMARIZE_RESULTS": {
                    "pyopenms": "3.4.1"
                },
                "Workflow": {
                    "nf-core/mhcquant": "v3.2.0dev"
                }
            },
            [
                "HepG2_ClassI.tsv",
                "HepG2_ClassII.tsv",
                "intermediate_results",
                "intermediate_results/comet",
                "intermediate_results/comet/HepG2_rep1_small_pin.tsv",
                "intermediate_results/comet/HepG2_rep2_small_pin.tsv",
                "intermediate_results/comet/HepG2_rep3_small_pin.tsv",
                "intermediate_results/rescoring",
                "intermediate_results/rescoring/HepG2_ClassII_ms2rescore.idXML",
                "intermediate_results/rescoring/HepG2_ClassII_pout.idXML",
                "intermediate_results/rescoring/HepG2_ClassII_pout_filtered.idXML",
                "intermediate_results/rescoring/HepG2_ClassII_psm.idXML",
                "intermediate_results/rescoring/HepG2_ClassI_ms2rescore.idXML",
                "intermediate_results/rescoring/HepG2_ClassI_pout.idXML",
                "intermediate_results/rescoring/HepG2_ClassI_pout_filtered.idXML",
                "intermediate_results/rescoring/HepG2_ClassI_psm.idXML",
                "multiqc",
                "multiqc/ms2rescore",
                "multiqc/multiqc_data",
                "multiqc/multiqc_data/llms-full.txt",
                "multiqc/multiqc_data/multiqc.log",
                "multiqc/multiqc_data/multiqc.parquet",
                "multiqc/multiqc_data/multiqc_chromatogram.txt",
                "multiqc/multiqc_data/multiqc_citations.txt",
                "multiqc/multiqc_data/multiqc_data.json",
                "multiqc/multiqc_data/multiqc_general_stats.txt",
                "multiqc/multiqc_data/multiqc_histogram_mz.txt",
                "multiqc/multiqc_data/multiqc_histogram_rt.txt",
                "multiqc/multiqc_data/multiqc_histogram_scores.txt",
                "multiqc/multiqc_data/multiqc_length_dist.txt",
                "multiqc/multiqc_data/multiqc_mass_error.txt",
                "multiqc/multiqc_data/multiqc_percolator_barplot.txt",
                "multiqc/multiqc_data/multiqc_scores_xcorr.txt",
                "multiqc/multiqc_data/multiqc_software_versions.txt",
                "multiqc/multiqc_data/multiqc_sources.txt",
                "multiqc/multiqc_data/percolator_plot.txt",
                "multiqc/multiqc_plots",
                "multiqc/multiqc_plots/pdf",
                "multiqc/multiqc_plots/pdf/chromatogram-cnt.pdf",
                "multiqc/multiqc_plots/pdf/chromatogram-log.pdf",
                "multiqc/multiqc_plots/pdf/general_stats.pdf",
                "multiqc/multiqc_plots/pdf/histogram_mz.pdf",
                "multiqc/multiqc_plots/pdf/histogram_rt.pdf",
                "multiqc/multiqc_plots/pdf/histogram_scores.pdf",
                "multiqc/multiqc_plots/pdf/length_dist.pdf",
                "multiqc/multiqc_plots/pdf/mass_error.pdf",
                "multiqc/multiqc_plots/pdf/percolator_plot-cnt.pdf",
                "multiqc/multiqc_plots/pdf/percolator_plot-pct.pdf",
                "multiqc/multiqc_plots/pdf/scores_xcorr.pdf",
                "multiqc/multiqc_plots/png",
                "multiqc/multiqc_plots/png/chromatogram-cnt.png",
                "multiqc/multiqc_plots/png/chromatogram-log.png",
                "multiqc/multiqc_plots/png/general_stats.png",
                "multiqc/multiqc_plots/png/histogram_mz.png",
                "multiqc/multiqc_plots/png/histogram_rt.png",
                "multiqc/multiqc_plots/png/histogram_scores.png",
                "multiqc/multiqc_plots/png/length_dist.png",
                "multiqc/multiqc_plots/png/mass_error.png",
                "multiqc/multiqc_plots/png/percolator_plot-cnt.png",
                "multiqc/multiqc_plots/png/percolator_plot-pct.png",
                "multiqc/multiqc_plots/png/scores_xcorr.png",
                "multiqc/multiqc_plots/svg",
                "multiqc/multiqc_plots/svg/chromatogram-cnt.svg",
                "multiqc/multiqc_plots/svg/chromatogram-log.svg",
                "multiqc/multiqc_plots/svg/general_stats.svg",
                "multiqc/multiqc_plots/svg/histogram_mz.svg",
                "multiqc/multiqc_plots/svg/histogram_rt.svg",
                "multiqc/multiqc_plots/svg/histogram_scores.svg",
                "multiqc/multiqc_plots/svg/length_dist.svg",
                "multiqc/multiqc_plots/svg/mass_error.svg",
                "multiqc/multiqc_plots/svg/percolator_plot-cnt.svg",
                "multiqc/multiqc_plots/svg/percolator_plot-pct.svg",
                "multiqc/multiqc_plots/svg/scores_xcorr.svg",
                "multiqc/multiqc_report.html",
                "pipeline_info",
                "pipeline_info/nf_core_mhcquant_software_mqc_versions.yml"
            ],
            [
                
            ],
            [
                [
                    "HepG2_ClassI.tsv",
                    [
                        "AAATVTKKV",
                        "AAM(Oxidation)SVAKRV",
                        "AANDKLKKM",
                        "AANPDPKKL",
                        "AAPPPPAHA",
                        "AAPRPPPKPM(Oxidation)",
                        "AAQAHTREL",
                        "AAQSEAKVV",
                        "AASPVGKRL",
                        "AASSLKKQY",
                        "AATPAKKTV",
                        "AATRWAKKI",
                        "AATSNLKKL",
                        "ALKDKIEKA",
                        "ALKDSVQRA",
                        "ALKENGGARLA",
                        "AM(Oxidation)AARPHSI",
                        "AM(Oxidation)AASPHAV",
                        "AM(Oxidation)ASHLTST",
                        "AM(Oxidation)HGHVEVV",
                        "AM(Oxidation)NARPHKV",
                        "AMNARPHKV",
                        "APPKAHEV",
                        "APRPPPKPM(Oxidation)",
                        "ASTQTTHEL",
                        "ATWSDPHKA",
                        "AVM(Oxidation)GNPKVKA",
                        "DAAVHQRI",
                        "DAPAGRKV",
                        "DPM(Oxidation)KARVV",
                        "DPPKTHVT",
                        "DPPRDSKGL",
                        "EYSKQM(Oxidation)QRF",
                        "FADPHSKRV",
                        "FPHSAHQKY",
                        "GKVGAHAGEYG",
                        "GLAKSIHHA",
                        "GMAKKVTKA",
                        "GNVAEGETKPD",
                        "GPRVVERH",
                        "GVM(Oxidation)VGM(Oxidation)GQKD",
                        "HAAENPGKY",
                        "HAATYTKKV",
                        "HAFGGNKASY",
                        "HAGPTAHEL",
                        "HAKEKLTAL",
                        "HAM(Oxidation)EEVKKF",
                        "HAPELTKKV",
                        "HLKEDQTEY",
                        "HPAENGKSNF",
                        "HPESERISM(Oxidation)",
                        "HPNKVKVY",
                        "HPYQPDPKM(Oxidation)",
                        "HSRNEGVATY",
                        "HVKDANGNSF",
                        "HVSTHQHNY",
                        "IASQTVKKV",
                        "ILDKKVEKV",
                        "IPQKFHRSV",
                        "ISSEAHREV",
                        "KAAAFEKQV",
                        "KAAKPKVV",
                        "KAASHIKSI",
                        "KAATVTKEL",
                        "KAISGVHTV",
                        "KAKPGTYKV",
                        "KALVKPKEV",
                        "KASGTLREY",
                        "KAYGKAKSI",
                        "KAYSEAHEI",
                        "KLAESVEKA",
                        "KLAPPPKKA",
                        "KLDNQVSKV",
                        "KLM(Oxidation)QQQQEV",
                        "KLSPKAEEV",
                        "KM(Oxidation)DESKHEI",
                        "KMNESTRSV",
                        "KQIKEIKEV",
                        "KVAQPKEV",
                        "KVIDTQQKV",
                        "KVSNSGITRV",
                        "KVVNPTQK",
                        "KYNRQSM(Oxidation)TL",
                        "KYTPPPHHI",
                        "LAKTGVHHY",
                        "LDKKVEKV",
                        "LLKSEKSSY",
                        "LPSENHKEM",
                        "LPSENHKEM(Oxidation)",
                        "M(Oxidation)LSEHTSKL",
                        "M(Oxidation)PPEHVRKI",
                        "M(Oxidation)PQGGGQHY",
                        "M(Oxidation)PQKERESI",
                        "MPKAEKNAV",
                        "MPNKVRKI",
                        "MPPEHVRKI",
                        "MPQKERESI",
                        "NAHGEPRNY",
                        "NALAHKYH",
                        "NAM(Oxidation)KIRDV",
                        "NATAVVRHM(Oxidation)",
                        "NATNAVKRL",
                        "NGTHVVRHY",
                        "NIQKITKS",
                        "NLAEKPKTV",
                        "NLSSLSKK",
                        "NNLSSLSKK",
                        "NPFGGASHAKG",
                        "NPKESSSSL",
                        "NSHSTTSSF",
                        "NTKGGDAPAAGEDA",
                        "NTKIGPRR",
                        "NVKIVKVKKE",
                        "PVEKALRD",
                        "QAGPINREM(Oxidation)",
                        "QALKHLKQY",
                        "QGVM(Oxidation)VGM(Oxidation)GQK",
                        "QGVM(Oxidation)VGM(Oxidation)GQKD",
                        "QPAKADKESF",
                        "QPHKVTQY",
                        "QTHQPPAPNS",
                        "QYKKDGADF",
                        "RLHEKIQEA",
                        "RPVPKGATY",
                        "RSTENVNKL",
                        "RSTQYM(Oxidation)KEY",
                        "RVAGIHKKV",
                        "SAKLERSHY",
                        "SAQTTSHEL",
                        "SARAGETRF",
                        "SASHVSKTV",
                        "SATNALRSM(Oxidation)",
                        "SAYANAKKY",
                        "SKEYFSKQ",
                        "SLDKTSHSV",
                        "SLDTQPKKV",
                        "SM(Oxidation)LGSPHKV",
                        "SM(Oxidation)NTHLKAV",
                        "SPM(Oxidation)EKIKQY",
                        "SPNYHEEKY",
                        "SQRFPKAE",
                        "SVQVFGRKK",
                        "SYVGDEAQSKR",
                        "SYVGDEAQSKRG",
                        "TDKSFVEK",
                        "TEKLVTSK",
                        "TEKLVTSKG",
                        "TGSETESPRNPSSA",
                        "THQPPAPNS",
                        "TKGGDAPAAGEDA",
                        "TKKVPQVS",
                        "TPPGVRKI",
                        "TSGPGSRISSSS",
                        "TTNLTEEEEKSKS",
                        "TTTHITKTV",
                        "TVIGPDGHKE",
                        "TVKDSRTVY",
                        "TVQNEANKY",
                        "VAPPKAHEV",
                        "VASEGIKRY",
                        "VHLTPEEK",
                        "VITDKEKAE",
                        "VPKEGKVV",
                        "VSKGTLVQTKGT",
                        "YADEKTKDV",
                        "YARLHPRAV",
                        "YGSTVSKRV",
                        "YPAKAKGTF",
                        "YTKKLNTQ",
                        "YTM(Oxidation)KKVHAL"
                    ]
                ]
            ]
        ],
        "meta": {
            "nf-test": "0.9.3",
            "nextflow": "25.10.3"
        },
        "timestamp": "2026-02-12T13:55:37.104254648"
    }
}