{
    "-profile test_single_quant": {
        "content": [
            {
                "MS2RESCORE": {
                    "MS2Rescore": "4.0.2"
                },
                "OPENMSTHIRDPARTY_COMETADAPTER": {
                    "Comet": "2024.01 rev. 1",
                    "CometAdapter": "3.5.0"
                },
                "OPENMS_DECOYDATABASE": {
                    "openms": "3.5.0"
                },
                "OPENMS_FEATUREFINDERIDENTIFICATION": {
                    "openms": "3.5.0"
                },
                "OPENMS_FILECONVERTER": {
                    "openms": "3.5.0"
                },
                "OPENMS_IDCONFLICTRESOLVER": {
                    "openms": "3.5.0"
                },
                "OPENMS_IDFILTER_PSMS": {
                    "openms": "3.5.0"
                },
                "OPENMS_IDFILTER_QUANT": {
                    "openms": "3.5.0"
                },
                "OPENMS_IDFILTER_Q_VALUE": {
                    "openms": "3.5.0"
                },
                "OPENMS_IDMASSACCURACY": {
                    "openms": "3.4.1"
                },
                "OPENMS_IDMERGER": {
                    "openms": "3.5.0"
                },
                "OPENMS_IDMERGER_QUANT": {
                    "openms": "3.5.0"
                },
                "OPENMS_IDRIPPER": {
                    "openms": "3.5.0"
                },
                "OPENMS_IDSCORESWITCHER": {
                    "openms": "3.5.0"
                },
                "OPENMS_MAPALIGNERIDENTIFICATION": {
                    "openms": "3.5.0"
                },
                "OPENMS_MAPRTTRANSFORMERIDXML": {
                    "openms": "3.5.0"
                },
                "OPENMS_MAPRTTRANSFORMERMZML": {
                    "openms": "3.5.0"
                },
                "OPENMS_MZTABEXPORTER": {
                    "openms": "3.5.0"
                },
                "OPENMS_PEPTIDEINDEXER": {
                    "openms": "3.5.0"
                },
                "OPENMS_PERCOLATORADAPTER": {
                    "PercolatorAdapter": "3.5.0-pre-exported-20251212",
                    "percolator": "3.07.1"
                },
                "OPENMS_PSMFEATUREEXTRACTOR": {
                    "openms": "3.5.0"
                },
                "OPENMS_TEXTEXPORTER": {
                    "openms": "3.5.0"
                },
                "OPENMS_TEXTEXPORTER_PSMS": {
                    "openms": "3.5.0"
                },
                "PYOPENMS_CHROMATOGRAMEXTRACTOR": {
                    "pyopenms": "3.4.1"
                },
                "SUMMARIZE_RESULTS": {
                    "pyopenms": "3.4.1"
                },
                "THERMORAWFILEPARSER": {
                    "thermorawfileparser": "1.4.5"
                },
                "Workflow": {
                    "nf-core/mhcquant": "v3.2.0"
                }
            },
            [
                "PBMC007_B.mzTab",
                "PBMC007_B.tsv",
                "PBMC009_A.mzTab",
                "PBMC009_A.tsv",
                "intermediate_results",
                "intermediate_results/alignment",
                "intermediate_results/alignment/PBMC007_msms29_fdr_filtered.trafoXML",
                "intermediate_results/alignment/PBMC009_msms37_fdr_filtered.trafoXML",
                "intermediate_results/comet",
                "intermediate_results/comet/PBMC007_msms29_pin.tsv",
                "intermediate_results/comet/PBMC009_msms37_pin.tsv",
                "intermediate_results/features",
                "intermediate_results/features/1_PBMC009_A.featureXML",
                "intermediate_results/features/6_PBMC007_B.featureXML",
                "intermediate_results/rescoring",
                "intermediate_results/rescoring/PBMC007_B_pout.idXML",
                "intermediate_results/rescoring/PBMC007_B_pout_filtered.idXML",
                "intermediate_results/rescoring/PBMC009_A_pout.idXML",
                "intermediate_results/rescoring/PBMC009_A_pout_filtered.idXML",
                "multiqc",
                "multiqc/ms2rescore",
                "multiqc/ms2rescore/PBMC007_B_ms2rescore.report.html",
                "multiqc/ms2rescore/PBMC009_A_ms2rescore.report.html",
                "multiqc/multiqc_data",
                "multiqc/multiqc_data/llms-full.txt",
                "multiqc/multiqc_data/multiqc.log",
                "multiqc/multiqc_data/multiqc.parquet",
                "multiqc/multiqc_data/multiqc_aligned_residuals.txt",
                "multiqc/multiqc_data/multiqc_chromatogram.txt",
                "multiqc/multiqc_data/multiqc_citations.txt",
                "multiqc/multiqc_data/multiqc_data.json",
                "multiqc/multiqc_data/multiqc_deeplc_rt_calibration.txt",
                "multiqc/multiqc_data/multiqc_general_stats.txt",
                "multiqc/multiqc_data/multiqc_histogram_mz.txt",
                "multiqc/multiqc_data/multiqc_histogram_rt.txt",
                "multiqc/multiqc_data/multiqc_histogram_scores.txt",
                "multiqc/multiqc_data/multiqc_length_dist.txt",
                "multiqc/multiqc_data/multiqc_mass_error.txt",
                "multiqc/multiqc_data/multiqc_peptide_intensity.txt",
                "multiqc/multiqc_data/multiqc_percolator_barplot.txt",
                "multiqc/multiqc_data/multiqc_scores_xcorr.txt",
                "multiqc/multiqc_data/multiqc_software_versions.txt",
                "multiqc/multiqc_data/multiqc_sources.txt",
                "multiqc/multiqc_data/percolator_plot.txt",
                "multiqc/multiqc_plots",
                "multiqc/multiqc_plots/pdf",
                "multiqc/multiqc_plots/pdf/aligned_residuals.pdf",
                "multiqc/multiqc_plots/pdf/chromatogram-cnt.pdf",
                "multiqc/multiqc_plots/pdf/chromatogram-log.pdf",
                "multiqc/multiqc_plots/pdf/deeplc_rt_calibration.pdf",
                "multiqc/multiqc_plots/pdf/general_stats.pdf",
                "multiqc/multiqc_plots/pdf/histogram_mz.pdf",
                "multiqc/multiqc_plots/pdf/histogram_rt.pdf",
                "multiqc/multiqc_plots/pdf/histogram_scores.pdf",
                "multiqc/multiqc_plots/pdf/length_dist.pdf",
                "multiqc/multiqc_plots/pdf/mass_error.pdf",
                "multiqc/multiqc_plots/pdf/peptide_intensity.pdf",
                "multiqc/multiqc_plots/pdf/percolator_plot-cnt.pdf",
                "multiqc/multiqc_plots/pdf/percolator_plot-pct.pdf",
                "multiqc/multiqc_plots/pdf/scores_xcorr.pdf",
                "multiqc/multiqc_plots/png",
                "multiqc/multiqc_plots/png/aligned_residuals.png",
                "multiqc/multiqc_plots/png/chromatogram-cnt.png",
                "multiqc/multiqc_plots/png/chromatogram-log.png",
                "multiqc/multiqc_plots/png/deeplc_rt_calibration.png",
                "multiqc/multiqc_plots/png/general_stats.png",
                "multiqc/multiqc_plots/png/histogram_mz.png",
                "multiqc/multiqc_plots/png/histogram_rt.png",
                "multiqc/multiqc_plots/png/histogram_scores.png",
                "multiqc/multiqc_plots/png/length_dist.png",
                "multiqc/multiqc_plots/png/mass_error.png",
                "multiqc/multiqc_plots/png/peptide_intensity.png",
                "multiqc/multiqc_plots/png/percolator_plot-cnt.png",
                "multiqc/multiqc_plots/png/percolator_plot-pct.png",
                "multiqc/multiqc_plots/png/scores_xcorr.png",
                "multiqc/multiqc_plots/svg",
                "multiqc/multiqc_plots/svg/aligned_residuals.svg",
                "multiqc/multiqc_plots/svg/chromatogram-cnt.svg",
                "multiqc/multiqc_plots/svg/chromatogram-log.svg",
                "multiqc/multiqc_plots/svg/deeplc_rt_calibration.svg",
                "multiqc/multiqc_plots/svg/general_stats.svg",
                "multiqc/multiqc_plots/svg/histogram_mz.svg",
                "multiqc/multiqc_plots/svg/histogram_rt.svg",
                "multiqc/multiqc_plots/svg/histogram_scores.svg",
                "multiqc/multiqc_plots/svg/length_dist.svg",
                "multiqc/multiqc_plots/svg/mass_error.svg",
                "multiqc/multiqc_plots/svg/peptide_intensity.svg",
                "multiqc/multiqc_plots/svg/percolator_plot-cnt.svg",
                "multiqc/multiqc_plots/svg/percolator_plot-pct.svg",
                "multiqc/multiqc_plots/svg/scores_xcorr.svg",
                "multiqc/multiqc_report.html",
                "pipeline_info",
                "pipeline_info/nf_core_mhcquant_software_mqc_versions.yml",
                "psms",
                "psms/PBMC007_B_psms.tsv",
                "psms/PBMC009_A_psms.tsv"
            ],
            [
                "PBMC007_msms29_fdr_filtered.trafoXML:md5,da24dd36ee24de04d478ae0787dba2f7",
                "PBMC009_msms37_fdr_filtered.trafoXML:md5,ab335fa1c890f59a529802c711139b49"
            ],
            [
                [
                    "PBMC007_B.tsv",
                    [
                        "peptidoform",
                        "sequence",
                        "score",
                        "score_type",
                        "psm",
                        "rt",
                        "mz",
                        "charge",
                        "accessions",
                        "unique_accessions",
                        "aa_before",
                        "aa_after",
                        "start",
                        "end",
                        "COMET:deltaCn",
                        "COMET:deltaLCn",
                        "COMET:lnExpect",
                        "COMET:xcorr",
                        "rt_diff_best",
                        "observed_retention_time_best",
                        "predicted_retention_time_best",
                        "spec_pearson",
                        "std_abs_diff",
                        "rt_diff",
                        "rt_cf",
                        "rt_0",
                        "mz_cf",
                        "mz_0",
                        "intensity_cf",
                        "intensity_0",
                        "charge_cf",
                        "charge_0"
                    ],
                    true
                ],
                [
                    "PBMC007_B_psms.tsv",
                    [
                        "peptidoform",
                        "sequence",
                        "score",
                        "score_type",
                        "rt",
                        "mz",
                        "charge",
                        "accessions",
                        "unique_accessions",
                        "aa_before",
                        "aa_after",
                        "start",
                        "end",
                        "COMET:deltaCn",
                        "COMET:deltaLCn",
                        "COMET:lnExpect",
                        "COMET:xcorr",
                        "rt_diff_best",
                        "observed_retention_time_best",
                        "predicted_retention_time_best",
                        "spec_pearson",
                        "std_abs_diff",
                        "rt_diff",
                        "ristretto_peptide_pep",
                        "ristretto_peptide_qvalue",
                        "ristretto_peptidoform_pep",
                        "ristretto_peptidoform_qvalue",
                        "ristretto_psm_pep",
                        "ristretto_psm_qvalue",
                        "ristretto_score",
                        "PEP"
                    ],
                    true
                ],
                [
                    "PBMC009_A.tsv",
                    [
                        "peptidoform",
                        "sequence",
                        "score",
                        "score_type",
                        "psm",
                        "rt",
                        "mz",
                        "charge",
                        "accessions",
                        "unique_accessions",
                        "aa_before",
                        "aa_after",
                        "start",
                        "end",
                        "COMET:deltaCn",
                        "COMET:deltaLCn",
                        "COMET:lnExpect",
                        "COMET:xcorr",
                        "rt_diff_best",
                        "observed_retention_time_best",
                        "predicted_retention_time_best",
                        "spec_pearson",
                        "std_abs_diff",
                        "rt_diff",
                        "rt_cf",
                        "rt_0",
                        "mz_cf",
                        "mz_0",
                        "intensity_cf",
                        "intensity_0",
                        "charge_cf",
                        "charge_0"
                    ],
                    true
                ],
                [
                    "PBMC009_A_psms.tsv",
                    [
                        "peptidoform",
                        "sequence",
                        "score",
                        "score_type",
                        "rt",
                        "mz",
                        "charge",
                        "accessions",
                        "unique_accessions",
                        "aa_before",
                        "aa_after",
                        "start",
                        "end",
                        "COMET:deltaCn",
                        "COMET:deltaLCn",
                        "COMET:lnExpect",
                        "COMET:xcorr",
                        "rt_diff_best",
                        "observed_retention_time_best",
                        "predicted_retention_time_best",
                        "spec_pearson",
                        "std_abs_diff",
                        "rt_diff",
                        "ristretto_peptide_pep",
                        "ristretto_peptide_qvalue",
                        "ristretto_peptidoform_pep",
                        "ristretto_peptidoform_qvalue",
                        "ristretto_psm_pep",
                        "ristretto_psm_qvalue",
                        "ristretto_score",
                        "PEP"
                    ],
                    true
                ]
            ]
        ],
        "timestamp": "2026-09-23T15:19:24.496645342",
        "meta": {
            "nf-test": "0.9.5",
            "nextflow": "25.10.4"
        }
    }
}